../Core/Src/main.c:127:6:mg_random	24	static
../Core/Src/main.c:136:10:mg_millis	16	static
../Core/Src/main.c:140:5:_write	24	static
../Core/Src/main.c:154:5:main	8	static
../Core/Src/main.c:272:6:SystemClock_Config	120	static
../Core/Src/main.c:332:13:MX_ETH_Init	8	static
../Core/Src/main.c:380:13:MX_RNG_Init	8	static
../Core/Src/main.c:407:13:MX_USART2_UART_Init	8	static
../Core/Src/main.c:455:13:MX_USART3_UART_Init	8	static
../Core/Src/main.c:503:13:MX_GPIO_Init	48	static
../Core/Src/main.c:541:6:StartDefaultTask	16	static
../Core/Src/main.c:562:6:StartTask02	16	static
../Core/Src/main.c:581:6:HAL_TIM_PeriodElapsedCallback	16	static
../Core/Src/main.c:598:6:Error_Handler	4	static,ignoring_inline_asm
