../Core/Src/mongoose_glue.c:38:17:fast_rand	4	static
../Core/Src/mongoose_glue.c:52:13:timer_fn_all_topics	96	static
../Core/Src/mongoose_glue.c:66:13:init_topics	16	static
../Core/Src/mongoose_glue.c:74:6:glue_init_1	24	static
../Core/Src/mongoose_glue.c:82:6:glue_lock_init	4	static
../Core/Src/mongoose_glue.c:85:6:glue_lock	4	static
../Core/Src/mongoose_glue.c:88:6:glue_unlock	4	static
../Core/Src/mongoose_glue.c:91:6:glue_mqtt_tls_init	56	static
../Core/Src/mongoose_glue.c:102:6:glue_mqtt_on_connect	80	static
../Core/Src/mongoose_glue.c:114:6:glue_mqtt_on_message	480	static
../Core/Src/mongoose_glue.c:141:13:gateway1_parse_data	368	static
../Core/Src/mongoose_glue.c:183:13:gateway1_save_to_flash	80	static
../Core/Src/mongoose_glue.c:217:13:gateway1_load_from_flash	24	static
../Core/Src/mongoose_glue.c:239:13:gateway1_publish_res	648	static
../Core/Src/mongoose_glue.c:262:6:glue_mqtt_on_cmd	16	static
../Core/Src/mongoose_glue.c:266:23:glue_mqtt_connect	104	static
../Core/Src/mongoose_glue.c:281:6:glue_sntp_on_time	16	static
../Core/Src/mongoose_glue.c:291:6:glue_modbus_read_reg	24	static
../Core/Src/mongoose_glue.c:302:6:glue_modbus_write_reg	24	static
../Core/Src/mongoose_glue.c:318:5:glue_authenticate	24	static
../Core/Src/mongoose_glue.c:331:6:glue_check_reboot	8	static
../Core/Src/mongoose_glue.c:334:6:glue_start_reboot	16	static
../Core/Src/mongoose_glue.c:339:8:glue_ota_begin_firmware_update	24	static
../Core/Src/mongoose_glue.c:344:7:glue_ota_end_firmware_update	40	static
../Core/Src/mongoose_glue.c:354:7:glue_ota_write_firmware_update	24	static
../Core/Src/mongoose_glue.c:360:8:glue_file_open_file_upload	152	static
../Core/Src/mongoose_glue.c:371:7:glue_file_close_file_upload	16	static
../Core/Src/mongoose_glue.c:379:7:glue_file_write_file_upload	24	static
../Core/Src/mongoose_glue.c:389:8:glue_graph_get_graph1	160	static
../Core/Src/mongoose_glue.c:404:6:glue_get_state	24	static
../Core/Src/mongoose_glue.c:407:6:glue_set_state	24	static
../Core/Src/mongoose_glue.c:412:6:glue_get_leds	16	static
../Core/Src/mongoose_glue.c:415:6:glue_set_leds	16	static
../Core/Src/mongoose_glue.c:420:6:glue_get_settings	24	static
../Core/Src/mongoose_glue.c:423:6:glue_set_settings	24	static
../Core/Src/mongoose_glue.c:428:6:glue_get_security	16	static
../Core/Src/mongoose_glue.c:431:6:glue_set_security	16	static
