Archive member included to satisfy reference by file (symbol)

C:/ST/STM32CubeIDE_1.13.1/STM32CubeIDE/plugins/com.st.stm32cube.ide.mcu.externaltools.gnu-tools-for-stm32.12.3.rel1.win32_1.1.0.202410251130/tools/bin/../lib/gcc/arm-none-eabi/12.3.1/../../../../arm-none-eabi/lib/thumb/v7e-m+dp/hard\libc_nano.a(libc_a-assert.o)
                              ./Core/Src/mongoose.o (__assert_func)
C:/ST/STM32CubeIDE_1.13.1/STM32CubeIDE/plugins/com.st.stm32cube.ide.mcu.externaltools.gnu-tools-for-stm32.12.3.rel1.win32_1.1.0.202410251130/tools/bin/../lib/gcc/arm-none-eabi/12.3.1/../../../../arm-none-eabi/lib/thumb/v7e-m+dp/hard\libc_nano.a(libc_a-atoi.o)
                              ./Core/Src/mongoose.o (atoi)
C:/ST/STM32CubeIDE_1.13.1/STM32CubeIDE/plugins/com.st.stm32cube.ide.mcu.externaltools.gnu-tools-for-stm32.12.3.rel1.win32_1.1.0.202410251130/tools/bin/../lib/gcc/arm-none-eabi/12.3.1/../../../../arm-none-eabi/lib/thumb/v7e-m+dp/hard\libc_nano.a(libc_a-calloc.o)
                              ./Core/Src/mongoose.o (calloc)
C:/ST/STM32CubeIDE_1.13.1/STM32CubeIDE/plugins/com.st.stm32cube.ide.mcu.externaltools.gnu-tools-for-stm32.12.3.rel1.win32_1.1.0.202410251130/tools/bin/../lib/gcc/arm-none-eabi/12.3.1/../../../../arm-none-eabi/lib/thumb/v7e-m+dp/hard\libc_nano.a(libc_a-callocr.o)
                              C:/ST/STM32CubeIDE_1.13.1/STM32CubeIDE/plugins/com.st.stm32cube.ide.mcu.externaltools.gnu-tools-for-stm32.12.3.rel1.win32_1.1.0.202410251130/tools/bin/../lib/gcc/arm-none-eabi/12.3.1/../../../../arm-none-eabi/lib/thumb/v7e-m+dp/hard\libc_nano.a(libc_a-calloc.o) (_calloc_r)
C:/ST/STM32CubeIDE_1.13.1/STM32CubeIDE/plugins/com.st.stm32cube.ide.mcu.externaltools.gnu-tools-for-stm32.12.3.rel1.win32_1.1.0.202410251130/tools/bin/../lib/gcc/arm-none-eabi/12.3.1/../../../../arm-none-eabi/lib/thumb/v7e-m+dp/hard\libc_nano.a(libc_a-exit.o)
                              C:/ST/STM32CubeIDE_1.13.1/STM32CubeIDE/plugins/com.st.stm32cube.ide.mcu.externaltools.gnu-tools-for-stm32.12.3.rel1.win32_1.1.0.202410251130/tools/bin/../lib/gcc/arm-none-eabi/12.3.1/../../../../arm-none-eabi/lib/thumb/v7e-m+dp/hard/crt0.o (exit)
C:/ST/STM32CubeIDE_1.13.1/STM32CubeIDE/plugins/com.st.stm32cube.ide.mcu.externaltools.gnu-tools-for-stm32.12.3.rel1.win32_1.1.0.202410251130/tools/bin/../lib/gcc/arm-none-eabi/12.3.1/../../../../arm-none-eabi/lib/thumb/v7e-m+dp/hard\libc_nano.a(libc_a-malloc.o)
                              ./Core/Src/mongoose.o (free)
C:/ST/STM32CubeIDE_1.13.1/STM32CubeIDE/plugins/com.st.stm32cube.ide.mcu.externaltools.gnu-tools-for-stm32.12.3.rel1.win32_1.1.0.202410251130/tools/bin/../lib/gcc/arm-none-eabi/12.3.1/../../../../arm-none-eabi/lib/thumb/v7e-m+dp/hard\libc_nano.a(libc_a-mallocr.o)
                              C:/ST/STM32CubeIDE_1.13.1/STM32CubeIDE/plugins/com.st.stm32cube.ide.mcu.externaltools.gnu-tools-for-stm32.12.3.rel1.win32_1.1.0.202410251130/tools/bin/../lib/gcc/arm-none-eabi/12.3.1/../../../../arm-none-eabi/lib/thumb/v7e-m+dp/hard\libc_nano.a(libc_a-callocr.o) (_malloc_r)
C:/ST/STM32CubeIDE_1.13.1/STM32CubeIDE/plugins/com.st.stm32cube.ide.mcu.externaltools.gnu-tools-for-stm32.12.3.rel1.win32_1.1.0.202410251130/tools/bin/../lib/gcc/arm-none-eabi/12.3.1/../../../../arm-none-eabi/lib/thumb/v7e-m+dp/hard\libc_nano.a(libc_a-mlock.o)
                              C:/ST/STM32CubeIDE_1.13.1/STM32CubeIDE/plugins/com.st.stm32cube.ide.mcu.externaltools.gnu-tools-for-stm32.12.3.rel1.win32_1.1.0.202410251130/tools/bin/../lib/gcc/arm-none-eabi/12.3.1/../../../../arm-none-eabi/lib/thumb/v7e-m+dp/hard\libc_nano.a(libc_a-mallocr.o) (__malloc_lock)
C:/ST/STM32CubeIDE_1.13.1/STM32CubeIDE/plugins/com.st.stm32cube.ide.mcu.externaltools.gnu-tools-for-stm32.12.3.rel1.win32_1.1.0.202410251130/tools/bin/../lib/gcc/arm-none-eabi/12.3.1/../../../../arm-none-eabi/lib/thumb/v7e-m+dp/hard\libc_nano.a(libc_a-rand.o)
                              ./Core/Src/mongoose.o (srand)
C:/ST/STM32CubeIDE_1.13.1/STM32CubeIDE/plugins/com.st.stm32cube.ide.mcu.externaltools.gnu-tools-for-stm32.12.3.rel1.win32_1.1.0.202410251130/tools/bin/../lib/gcc/arm-none-eabi/12.3.1/../../../../arm-none-eabi/lib/thumb/v7e-m+dp/hard\libc_nano.a(libc_a-strtol.o)
                              C:/ST/STM32CubeIDE_1.13.1/STM32CubeIDE/plugins/com.st.stm32cube.ide.mcu.externaltools.gnu-tools-for-stm32.12.3.rel1.win32_1.1.0.202410251130/tools/bin/../lib/gcc/arm-none-eabi/12.3.1/../../../../arm-none-eabi/lib/thumb/v7e-m+dp/hard\libc_nano.a(libc_a-atoi.o) (_strtol_r)
C:/ST/STM32CubeIDE_1.13.1/STM32CubeIDE/plugins/com.st.stm32cube.ide.mcu.externaltools.gnu-tools-for-stm32.12.3.rel1.win32_1.1.0.202410251130/tools/bin/../lib/gcc/arm-none-eabi/12.3.1/../../../../arm-none-eabi/lib/thumb/v7e-m+dp/hard\libc_nano.a(libc_a-ctype_.o)
                              ./Core/Src/mongoose_glue.o (_ctype_)
[...]
Memory Configuration

Name             Origin             Length             Attributes
RAM_D1           0x24000000         0x00080000         xrw
FLASH            0x08000000         0x00100000         xr
DTCMRAM          0x20000000         0x00020000         xrw
RAM_D2           0x30000000         0x00048000         xrw
RAM_D3           0x38000000         0x00010000         xrw
ITCMRAM          0x00000000         0x00010000         xrw
*default*        0x00000000         0xffffffff

Linker script and memory map

LOAD C:/ST/STM32CubeIDE_1.13.1/STM32CubeIDE/plugins/com.st.stm32cube.ide.mcu.externaltools.gnu-tools-for-stm32.12.3.rel1.win32_1.1.0.202410251130/tools/bin/../lib/gcc/arm-none-eabi/12.3.1/thumb/v7e-m+dp/hard/crti.o
LOAD C:/ST/STM32CubeIDE_1.13.1/STM32CubeIDE/plugins/com.st.stm32cube.ide.mcu.externaltools.gnu-tools-for-stm32.12.3.rel1.win32_1.1.0.202410251130/tools/bin/../lib/gcc/arm-none-eabi/12.3.1/thumb/v7e-m+dp/hard/crtbegin.o
LOAD C:/ST/STM32CubeIDE_1.13.1/STM32CubeIDE/plugins/com.st.stm32cube.ide.mcu.externaltools.gnu-tools-for-stm32.12.3.rel1.win32_1.1.0.202410251130/tools/bin/../lib/gcc/arm-none-eabi/12.3.1/../../../../arm-none-eabi/lib/thumb/v7e-m+dp/hard/crt0.o
LOAD ./Common/Src/system_stm32h7xx_dualcore_boot_cm4_cm7.o
LOAD ./Core/Src/Master_Modbus.o
LOAD ./Core/Src/freertos.o
LOAD ./Core/Src/main.o
LOAD ./Core/Src/mongoose.o
LOAD ./Core/Src/mongoose_fs.o
LOAD ./Core/Src/mongoose_glue.o
LOAD ./Core/Src/mongoose_impl.o
LOAD ./Core/Src/stm32h7xx_hal_msp.o
LOAD ./Core/Src/stm32h7xx_hal_timebase_tim.o
LOAD ./Core/Src/stm32h7xx_it.o
LOAD ./Core/Src/syscalls.o
LOAD ./Core/Src/sysmem.o
LOAD ./Core/Startup/startup_stm32h745zitx.o
LOAD ./Drivers/STM32H7xx_HAL_Driver/stm32h7xx_hal.o
LOAD ./Drivers/STM32H7xx_HAL_Driver/stm32h7xx_hal_cortex.o
LOAD ./Drivers/STM32H7xx_HAL_Driver/stm32h7xx_hal_dma.o
LOAD ./Drivers/STM32H7xx_HAL_Driver/stm32h7xx_hal_dma_ex.o
LOAD ./Drivers/STM32H7xx_HAL_Driver/stm32h7xx_hal_eth.o
LOAD ./Drivers/STM32H7xx_HAL_Driver/stm32h7xx_hal_eth_ex.o
LOAD ./Drivers/STM32H7xx_HAL_Driver/stm32h7xx_hal_exti.o
LOAD ./Drivers/STM32H7xx_HAL_Driver/stm32h7xx_hal_flash.o
LOAD ./Drivers/STM32H7xx_HAL_Driver/stm32h7xx_hal_flash_ex.o
LOAD ./Drivers/STM32H7xx_HAL_Driver/stm32h7xx_hal_gpio.o
LOAD ./Drivers/STM32H7xx_HAL_Driver/stm32h7xx_hal_hsem.o
LOAD ./Drivers/STM32H7xx_HAL_Driver/stm32h7xx_hal_i2c.o
LOAD ./Drivers/STM32H7xx_HAL_Driver/stm32h7xx_hal_i2c_ex.o
LOAD ./Drivers/STM32H7xx_HAL_Driver/stm32h7xx_hal_mdma.o
LOAD ./Drivers/STM32H7xx_HAL_Driver/stm32h7xx_hal_pwr.o
LOAD ./Drivers/STM32H7xx_HAL_Driver/stm32h7xx_hal_pwr_ex.o
LOAD ./Drivers/STM32H7xx_HAL_Driver/stm32h7xx_hal_rcc.o
LOAD ./Drivers/STM32H7xx_HAL_Driver/stm32h7xx_hal_rcc_ex.o
LOAD ./Drivers/STM32H7xx_HAL_Driver/stm32h7xx_hal_rng.o
LOAD ./Drivers/STM32H7xx_HAL_Driver/stm32h7xx_hal_rng_ex.o
LOAD ./Drivers/STM32H7xx_HAL_Driver/stm32h7xx_hal_tim.o
LOAD ./Drivers/STM32H7xx_HAL_Driver/stm32h7xx_hal_tim_ex.o
LOAD ./Drivers/STM32H7xx_HAL_Driver/stm32h7xx_hal_uart.o
LOAD ./Drivers/STM32H7xx_HAL_Driver/stm32h7xx_hal_uart_ex.o
LOAD ./Middlewares/Third_Party/FreeRTOS/cmsis_os2.o
LOAD ./Middlewares/Third_Party/FreeRTOS/croutine.o
LOAD ./Middlewares/Third_Party/FreeRTOS/event_groups.o
LOAD ./Middlewares/Third_Party/FreeRTOS/heap_4.o
LOAD ./Middlewares/Third_Party/FreeRTOS/list.o
LOAD ./Middlewares/Third_Party/FreeRTOS/port.o
LOAD ./Middlewares/Third_Party/FreeRTOS/queue.o
LOAD ./Middlewares/Third_Party/FreeRTOS/stream_buffer.o
LOAD ./Middlewares/Third_Party/FreeRTOS/tasks.o
LOAD ./Middlewares/Third_Party/FreeRTOS/timers.o
START GROUP
LOAD C:/ST/STM32CubeIDE_1.13.1/STM32CubeIDE/plugins/com.st.stm32cube.ide.mcu.externaltools.gnu-tools-for-stm32.12.3.rel1.win32_1.1.0.202410251130/tools/bin/../lib/gcc/arm-none-eabi/12.3.1/../../../../arm-none-eabi/lib/thumb/v7e-m+dp/hard\libc_nano.a
LOAD C:/ST/STM32CubeIDE_1.13.1/STM32CubeIDE/plugins/com.st.stm32cube.ide.mcu.externaltools.gnu-tools-for-stm32.12.3.rel1.win32_1.1.0.202410251130/tools/bin/../lib/gcc/arm-none-eabi/12.3.1/../../../../arm-none-eabi/lib/thumb/v7e-m+dp/hard\libm.a
END GROUP
START GROUP
LOAD C:/ST/STM32CubeIDE_1.13.1/STM32CubeIDE/plugins/com.st.stm32cube.ide.mcu.externaltools.gnu-tools-for-stm32.12.3.rel1.win32_1.1.0.202410251130/tools/bin/../lib/gcc/arm-none-eabi/12.3.1/thumb/v7e-m+dp/hard\libgcc.a
LOAD C:/ST/STM32CubeIDE_1.13.1/STM32CubeIDE/plugins/com.st.stm32cube.ide.mcu.externaltools.gnu-tools-for-stm32.12.3.rel1.win32_1.1.0.202410251130/tools/bin/../lib/gcc/arm-none-eabi/12.3.1/../../../../arm-none-eabi/lib/thumb/v7e-m+dp/hard\libc_nano.a
END GROUP
START GROUP
LOAD C:/ST/STM32CubeIDE_1.13.1/STM32CubeIDE/plugins/com.st.stm32cube.ide.mcu.externaltools.gnu-tools-for-stm32.12.3.rel1.win32_1.1.0.202410251130/tools/bin/../lib/gcc/arm-none-eabi/12.3.1/thumb/v7e-m+dp/hard\libgcc.a
LOAD C:/ST/STM32CubeIDE_1.13.1/STM32CubeIDE/plugins/com.st.stm32cube.ide.mcu.externaltools.gnu-tools-for-stm32.12.3.rel1.win32_1.1.0.202410251130/tools/bin/../lib/gcc/arm-none-eabi/12.3.1/../../../../arm-none-eabi/lib/thumb/v7e-m+dp/hard\libc_nano.a
LOAD C:/ST/STM32CubeIDE_1.13.1/STM32CubeIDE/plugins/com.st.stm32cube.ide.mcu.externaltools.gnu-tools-for-stm32.12.3.rel1.win32_1.1.0.202410251130/tools/bin/../lib/gcc/arm-none-eabi/12.3.1/../../../../arm-none-eabi/lib/thumb/v7e-m+dp/hard\libnosys.a
END GROUP
START GROUP
LOAD C:/ST/STM32CubeIDE_1.13.1/STM32CubeIDE/plugins/com.st.stm32cube.ide.mcu.externaltools.gnu-tools-for-stm32.12.3.rel1.win32_1.1.0.202410251130/tools/bin/../lib/gcc/arm-none-eabi/12.3.1/thumb/v7e-m+dp/hard\libgcc.a
LOAD C:/ST/STM32CubeIDE_1.13.1/STM32CubeIDE/plugins/com.st.stm32cube.ide.mcu.externaltools.gnu-tools-for-stm32.12.3.rel1.win32_1.1.0.202410251130/tools/bin/../lib/gcc/arm-none-eabi/12.3.1/../../../../arm-none-eabi/lib/thumb/v7e-m+dp/hard\libc_nano.a
LOAD C:/ST/STM32CubeIDE_1.13.1/STM32CubeIDE/plugins/com.st.stm32cube.ide.mcu.externaltools.gnu-tools-for-stm32.12.3.rel1.win32_1.1.0.202410251130/tools/bin/../lib/gcc/arm-none-eabi/12.3.1/../../../../arm-none-eabi/lib/thumb/v7e-m+dp/hard\libnosys.a
END GROUP
LOAD C:/ST/STM32CubeIDE_1.13.1/STM32CubeIDE/plugins/com.st.stm32cube.ide.mcu.externaltools.gnu-tools-for-stm32.12.3.rel1.win32_1.1.0.202410251130/tools/bin/../lib/gcc/arm-none-eabi/12.3.1/thumb/v7e-m+dp/hard/crtend.o
LOAD C:/ST/STM32CubeIDE_1.13.1/STM32CubeIDE/plugins/com.st.stm32cube.ide.mcu.externaltools.gnu-tools-for-stm32.12.3.rel1.win32_1.1.0.202410251130/tools/bin/../lib/gcc/arm-none-eabi/12.3.1/thumb/v7e-m+dp/hard/crtn.o
                0x24080000                        _estack = (ORIGIN (RAM_D1) + LENGTH (RAM_D1))
                0x00000200                        _Min_Heap_Size = 0x200
                0x00000400                        _Min_Stack_Size = 0x400

.isr_vector     0x08000000      0x298
                0x08000000                        . = ALIGN (0x4)
 *(.isr_vector)
 .isr_vector    0x08000000      0x298 ./Core/Startup/startup_stm32h745zitx.o
                0x08000000                g_pfnVectors
                0x08000298                        . = ALIGN (0x4)

.text           0x080002a0    0x231d0
                0x080002a0                        . = ALIGN (0x4)
 *(.text)
 .text          0x080002a0       0x40 C:/ST/STM32CubeIDE_1.13.1/STM32CubeIDE/plugins/com.st.stm32cube.ide.mcu.externaltools.gnu-tools-for-stm32.12.3.rel1.win32_1.1.0.202410251130/tools/bin/../lib/gcc/arm-none-eabi/12.3.1/thumb/v7e-m+dp/hard/crtbegin.o
 .text          0x080002e0       0x14 C:/ST/STM32CubeIDE_1.13.1/STM32CubeIDE/plugins/com.st.stm32cube.ide.mcu.externaltools.gnu-tools-for-stm32.12.3.rel1.win32_1.1.0.202410251130/tools/bin/../lib/gcc/arm-none-eabi/12.3.1/../../../../arm-none-eabi/lib/thumb/v7e-m+dp/hard\libc_nano.a(libc_a-strcmp.o)
                0x080002e0                strcmp
 *fill*         0x080002f4        0xc 
 .text          0x08000300       0xa0 C:/ST/STM32CubeIDE_1.13.1/STM32CubeIDE/plugins/com.st.stm32cube.ide.mcu.externaltools.gnu-tools-for-stm32.12.3.rel1.win32_1.1.0.202410251130/tools/bin/../lib/gcc/arm-none-eabi/12.3.1/../../../../arm-none-eabi/lib/thumb/v7e-m+dp/hard\libc_nano.a(libc_a-memchr.o)
                0x08000300                memchr
 .text          0x080003a0       0x10 C:/ST/STM32CubeIDE_1.13.1/STM32CubeIDE/plugins/com.st.stm32cube.ide.mcu.externaltools.gnu-tools-for-stm32.12.3.rel1.win32_1.1.0.202410251130/tools/bin/../lib/gcc/arm-none-eabi/12.3.1/../../../../arm-none-eabi/lib/thumb/v7e-m+dp/hard\libc_nano.a(libc_a-strlen.o)
                0x080003a0                strlen
 .text          0x080003b0      0x378 C:/ST/STM32CubeIDE_1.13.1/STM32CubeIDE/plugins/com.st.stm32cube.ide.mcu.externaltools.gnu-tools-for-stm32.12.3.rel1.win32_1.1.0.202410251130/tools/bin/../lib/gcc/arm-none-eabi/12.3.1/thumb/v7e-m+dp/hard\libgcc.a(_arm_addsubdf3.o)
                0x080003b0                __aeabi_drsub
                0x080003b8                __aeabi_dsub
                0x080003b8                __subdf3
                0x080003bc                __aeabi_dadd
                0x080003bc                __adddf3
                0x08000634                __floatunsidf
                0x08000634                __aeabi_ui2d
                0x08000654                __floatsidf
                0x08000654                __aeabi_i2d
                0x08000678                __aeabi_f2d
                0x08000678                __extendsfdf2
                0x080006bc                __floatundidf
                0x080006bc                __aeabi_ul2d
                0x080006cc                __floatdidf
                0x080006cc                __aeabi_l2d
 .text          0x08000728       0xa0 C:/ST/STM32CubeIDE_1.13.1/STM32CubeIDE/plugins/com.st.stm32cube.ide.mcu.externaltools.gnu-tools-for-stm32.12.3.rel1.win32_1.1.0.202410251130/tools/bin/../lib/gcc/arm-none-eabi/12.3.1/thumb/v7e-m+dp/hard\libgcc.a(_aeabi_ldivmod.o)
                0x08000728                __aeabi_ldivmod
 .text          0x080007c8       0x30 C:/ST/STM32CubeIDE_1.13.1/STM32CubeIDE/plugins/com.st.stm32cube.ide.mcu.externaltools.gnu-tools-for-stm32.12.3.rel1.win32_1.1.0.202410251130/tools/bin/../lib/gcc/arm-none-eabi/12.3.1/thumb/v7e-m+dp/hard\libgcc.a(_aeabi_uldivmod.o)
                0x080007c8                __aeabi_uldivmod
 .text          0x080007f8       0x30 C:/ST/STM32CubeIDE_1.13.1/STM32CubeIDE/plugins/com.st.stm32cube.ide.mcu.externaltools.gnu-tools-for-stm32.12.3.rel1.win32_1.1.0.202410251130/tools/bin/../lib/gcc/arm-none-eabi/12.3.1/thumb/v7e-m+dp/hard\libgcc.a(_fixdfdi.o)
                0x080007f8                __fixdfdi
                0x080007f8                __aeabi_d2lz
 .text          0x08000828       0x40 C:/ST/STM32CubeIDE_1.13.1/STM32CubeIDE/plugins/com.st.stm32cube.ide.mcu.externaltools.gnu-tools-for-stm32.12.3.rel1.win32_1.1.0.202410251130/tools/bin/../lib/gcc/arm-none-eabi/12.3.1/thumb/v7e-m+dp/hard\libgcc.a(_fixunsdfdi.o)
                0x08000828                __fixunsdfdi
                0x08000828                __aeabi_d2ulz
 .text          0x08000868      0x2bc C:/ST/STM32CubeIDE_1.13.1/STM32CubeIDE/plugins/com.st.stm32cube.ide.mcu.externaltools.gnu-tools-for-stm32.12.3.rel1.win32_1.1.0.202410251130/tools/bin/../lib/gcc/arm-none-eabi/12.3.1/thumb/v7e-m+dp/hard\libgcc.a(_udivmoddi4.o)
                0x08000868                __udivmoddi4
 .text          0x08000b24        0x4 C:/ST/STM32CubeIDE_1.13.1/STM32CubeIDE/plugins/com.st.stm32cube.ide.mcu.externaltools.gnu-tools-for-stm32.12.3.rel1.win32_1.1.0.202410251130/tools/bin/../lib/gcc/arm-none-eabi/12.3.1/thumb/v7e-m+dp/hard\libgcc.a(_dvmd_tls.o)
                0x08000b24                __aeabi_idiv0
                0x08000b24                __aeabi_ldiv0
 *(.text*)
 .text.SystemInit
                0x08000b28      0x12c ./Common/Src/system_stm32h7xx_dualcore_boot_cm4_cm7.o
                0x08000b28                SystemInit
 .text.mg_random
                0x08000c54       0x5c ./Core/Src/main.o
                0x08000c54                mg_random
 .text.mg_millis
                0x08000cb0       0x1a ./Core/Src/main.o
                0x08000cb0                mg_millis
 *fill*         0x08000cca        0x2 
 .text._write   0x08000ccc       0x38 ./Core/Src/main.o
                0x08000ccc                _write
 .text.main     0x08000d04       0x64 ./Core/Src/main.o
                0x08000d04                main
 .text.SystemClock_Config
                0x08000d68       0xf8 ./Core/Src/main.o
                0x08000d68                SystemClock_Config
 .text.MX_ETH_Init
                0x08000e60       0x98 ./Core/Src/main.o
 .text.MX_RNG_Init
                0x08000ef8       0x2c ./Core/Src/main.o
 .text.MX_USART2_UART_Init
                0x08000f24       0x98 ./Core/Src/main.o
 .text.MX_USART3_UART_Init
                0x08000fbc       0x98 ./Core/Src/main.o
 .text.MX_GPIO_Init
                0x08001054       0xe4 ./Core/Src/main.o
 .text.StartDefaultTask
                0x08001138       0x12 ./Core/Src/main.o
                0x08001138                StartDefaultTask
 .text.StartTask02
                0x0800114a       0x10 ./Core/Src/main.o
                0x0800114a                StartTask02
 *fill*         0x0800115a        0x2 
 .text.HAL_TIM_PeriodElapsedCallback
                0x0800115c       0x24 ./Core/Src/main.o
                0x0800115c                HAL_TIM_PeriodElapsedCallback
 .text.Error_Handler
                0x08001180        0xc ./Core/Src/main.o
                0x08001180                Error_Handler
 .text.mg_base64_decode_single
                0x0800118c       0x6c ./Core/Src/mongoose.o
 .text.mg_base64_decode
                0x080011f8      0x13e ./Core/Src/mongoose.o
                0x080011f8                mg_base64_decode
 .text.mg_flash_next
                0x08001336       0xae ./Core/Src/mongoose.o
                0x08001336                mg_flash_next
 .text.flash_last_sector
                0x080013e4       0x44 ./Core/Src/mongoose.o
 .text.mg_flash_load
                0x08001428       0xd6 ./Core/Src/mongoose.o
                0x08001428                mg_flash_load
 .text.mg_flash_sector_cleanup
                0x080014fe      0x11a ./Core/Src/mongoose.o
 .text.mg_flash_save
                0x08001618      0x29e ./Core/Src/mongoose.o
                0x08001618                mg_flash_save
 .text.mg_dns_free
                0x080018b6       0x36 ./Core/Src/mongoose.o
 .text.mg_resolve_cancel
                0x080018ec       0x44 ./Core/Src/mongoose.o
                0x080018ec                mg_resolve_cancel
 .text.mg_dns_parse_name_depth
                0x08001930      0x160 ./Core/Src/mongoose.o
 .text.mg_dns_parse_name
                0x08001a90       0x30 ./Core/Src/mongoose.o
 .text.mg_dns_parse_rr
                0x08001ac0      0x124 ./Core/Src/mongoose.o
                0x08001ac0                mg_dns_parse_rr
 .text.mg_dns_parse
                0x08001be4      0x16a ./Core/Src/mongoose.o
                0x08001be4                mg_dns_parse
 *fill*         0x08001d4e        0x2 
 .text.dns_cb   0x08001d50      0x23c ./Core/Src/mongoose.o
 .text.mg_dns_send
                0x08001f8c      0x1c0 ./Core/Src/mongoose.o
 .text.mg_sendnsreq
                0x0800214c      0x130 ./Core/Src/mongoose.o
 .text.mg_resolve
                0x0800227c       0x88 ./Core/Src/mongoose.o
                0x0800227c                mg_resolve
 .text.mg_call  0x08002304       0x40 ./Core/Src/mongoose.o
                0x08002304                mg_call
 .text.mg_error
                0x08002344       0x4a ./Core/Src/mongoose.o
                0x08002344                mg_error
 .text.is_digit
                0x0800238e       0x2c ./Core/Src/mongoose.o
 *fill*         0x080023ba        0x2 
 .text.addexp   0x080023bc      0x104 ./Core/Src/mongoose.o
 .text.xisinf   0x080024c0       0x50 ./Core/Src/mongoose.o
 .text.xisnan   0x08002510       0x58 ./Core/Src/mongoose.o
 .text.mg_dtoa  0x08002568      0x524 ./Core/Src/mongoose.o
 .text.mg_lld   0x08002a8c      0x160 ./Core/Src/mongoose.o
 .text.scpy     0x08002bec       0x46 ./Core/Src/mongoose.o
 .text.mg_xprintf
                0x08002c32       0x36 ./Core/Src/mongoose.o
                0x08002c32                mg_xprintf
 .text.mg_vxprintf
                0x08002c68      0x748 ./Core/Src/mongoose.o
                0x08002c68                mg_vxprintf
 .text.mg_fs_open
                0x080033b0       0x50 ./Core/Src/mongoose.o
                0x080033b0                mg_fs_open
 .text.mg_fs_close
                0x08003400       0x2a ./Core/Src/mongoose.o
                0x08003400                mg_fs_close
 .text.is_dir_prefix
                0x0800342a       0x58 ./Core/Src/mongoose.o
 .text.packed_stat
                0x08003482       0x60 ./Core/Src/mongoose.o
 *fill*         0x080034e2        0x2 
 .text.packed_list
                0x080034e4       0xfc ./Core/Src/mongoose.o
 .text.packed_open
                0x080035e0       0x62 ./Core/Src/mongoose.o
 .text.packed_close
                0x08003642       0x1c ./Core/Src/mongoose.o
 .text.packed_read
                0x0800365e       0x56 ./Core/Src/mongoose.o
 .text.packed_write
                0x080036b4       0x1a ./Core/Src/mongoose.o
 .text.packed_seek
                0x080036ce       0x38 ./Core/Src/mongoose.o
 .text.packed_rename
                0x08003706       0x18 ./Core/Src/mongoose.o
 .text.packed_remove
                0x0800371e       0x16 ./Core/Src/mongoose.o
 .text.packed_mkdir
                0x08003734       0x16 ./Core/Src/mongoose.o
 .text.p_stat   0x0800374a       0x1a ./Core/Src/mongoose.o
 .text.p_list   0x08003764       0x18 ./Core/Src/mongoose.o
 .text.p_open   0x0800377c       0x18 ./Core/Src/mongoose.o
 .text.p_close  0x08003794       0x14 ./Core/Src/mongoose.o
 .text.p_read   0x080037a8       0x1a ./Core/Src/mongoose.o
 .text.p_write  0x080037c2       0x1a ./Core/Src/mongoose.o
 .text.p_seek   0x080037dc       0x1a ./Core/Src/mongoose.o
 .text.p_rename
                0x080037f6       0x18 ./Core/Src/mongoose.o
 .text.p_remove
                0x0800380e       0x16 ./Core/Src/mongoose.o
 .text.p_mkdir  0x08003824       0x16 ./Core/Src/mongoose.o
 .text.mg_ncasecmp
                0x0800383a       0x80 ./Core/Src/mongoose.o
 *fill*         0x080038ba        0x2 
 .text.mg_to_size_t
                0x080038bc      0x12c ./Core/Src/mongoose.o
                0x080038bc                mg_to_size_t
 .text.mg_http_var
                0x080039e8       0xa0 ./Core/Src/mongoose.o
                0x080039e8                mg_http_var
 .text.mg_http_get_var
                0x08003a88       0xa6 ./Core/Src/mongoose.o
                0x08003a88                mg_http_get_var
 .text.isx      0x08003b2e       0x44 ./Core/Src/mongoose.o
 .text.mg_url_decode
                0x08003b72      0x110 ./Core/Src/mongoose.o
                0x08003b72                mg_url_decode
 .text.isok     0x08003c82       0x3a ./Core/Src/mongoose.o
 .text.mg_http_get_request_len
                0x08003cbc       0x9c ./Core/Src/mongoose.o
                0x08003cbc                mg_http_get_request_len
 .text.mg_http_get_header
                0x08003d58       0x80 ./Core/Src/mongoose.o
                0x08003d58                mg_http_get_header
 .text.vcb      0x08003dd8       0x26 ./Core/Src/mongoose.o
 .text.clen     0x08003dfe       0xde ./Core/Src/mongoose.o
 .text.skiptorn
                0x08003edc       0x96 ./Core/Src/mongoose.o
 .text.mg_http_parse_headers
                0x08003f72      0x15e ./Core/Src/mongoose.o
 .text.mg_http_parse
                0x080040d0      0x2dc ./Core/Src/mongoose.o
                0x080040d0                mg_http_parse
 .text.mg_http_status_code_str
                0x080043ac      0x9f8 ./Core/Src/mongoose.o
 .text.mg_http_reply
                0x08004da4       0xb0 ./Core/Src/mongoose.o
                0x08004da4                mg_http_reply
 .text.restore_http_cb
                0x08004e54       0x40 ./Core/Src/mongoose.o
 .text.mg_http_etag
                0x08004e94       0x38 ./Core/Src/mongoose.o
                0x08004e94                mg_http_etag
 .text.static_cb
                0x08004ecc       0xc4 ./Core/Src/mongoose.o
 .text.guess_content_type
                0x08004f90      0x13c ./Core/Src/mongoose.o
 .text.getrange
                0x080050cc       0xe8 ./Core/Src/mongoose.o
 .text.mg_http_serve_file
                0x080051b4      0x5a4 ./Core/Src/mongoose.o
                0x080051b4                mg_http_serve_file
 .text.uri_to_path2
                0x08005758      0x294 ./Core/Src/mongoose.o
 .text.uri_to_path
                0x080059ec      0x194 ./Core/Src/mongoose.o
 .text.mg_http_serve_dir
                0x08005b80       0xc8 ./Core/Src/mongoose.o
                0x08005b80                mg_http_serve_dir
 .text.mg_http_creds
                0x08005c48      0x238 ./Core/Src/mongoose.o
                0x08005c48                mg_http_creds
 .text.stripquotes
                0x08005e80       0x52 ./Core/Src/mongoose.o
 .text.mg_http_get_header_var
                0x08005ed2      0x12c ./Core/Src/mongoose.o
                0x08005ed2                mg_http_get_header_var
 .text.mg_http_status
                0x08005ffe       0x1c ./Core/Src/mongoose.o
                0x08005ffe                mg_http_status
 .text.is_hex_digit
                0x0800601a       0x44 ./Core/Src/mongoose.o
 .text.skip_chunk
                0x0800605e      0x11e ./Core/Src/mongoose.o
 .text.http_cb  0x0800617c      0x684 ./Core/Src/mongoose.o
 .text.mg_http_listen
                0x08006800       0x38 ./Core/Src/mongoose.o
                0x08006800                mg_http_listen
 .text.roundup  0x08006838       0x34 ./Core/Src/mongoose.o
 .text.mg_iobuf_resize
                0x0800686c       0xce ./Core/Src/mongoose.o
                0x0800686c                mg_iobuf_resize
 .text.mg_iobuf_add
                0x0800693a       0xa4 ./Core/Src/mongoose.o
                0x0800693a                mg_iobuf_add
 .text.mg_iobuf_del
                0x080069de       0x96 ./Core/Src/mongoose.o
                0x080069de                mg_iobuf_del
 .text.mg_iobuf_free
                0x08006a74       0x18 ./Core/Src/mongoose.o
                0x08006a74                mg_iobuf_free
 .text.escapeseq
                0x08006a8c       0x28 ./Core/Src/mongoose.o
 .text.json_esc
                0x08006ab4       0x60 ./Core/Src/mongoose.o
 .text.mg_pass_string
                0x08006b14       0x82 ./Core/Src/mongoose.o
 *fill*         0x08006b96        0x2 
 .text.mg_atod  0x08006b98      0x2a0 ./Core/Src/mongoose.o
 .text.mg_json_get
                0x08006e38      0x674 ./Core/Src/mongoose.o
                0x08006e38                mg_json_get
 .text.mg_json_get_tok
                0x080074ac       0x4a ./Core/Src/mongoose.o
                0x080074ac                mg_json_get_tok
 .text.mg_json_get_num
                0x080074f6       0x8a ./Core/Src/mongoose.o
                0x080074f6                mg_json_get_num
 .text.mg_json_get_bool
                0x08007580       0x78 ./Core/Src/mongoose.o
                0x08007580                mg_json_get_bool
 .text.mg_json_unescape
                0x080075f8      0x11c ./Core/Src/mongoose.o
                0x080075f8                mg_json_unescape
 .text.mg_json_get_long
                0x08007714       0x44 ./Core/Src/mongoose.o
                0x08007714                mg_json_get_long
 .text.logc     0x08007758       0x28 ./Core/Src/mongoose.o
 .text.logs     0x08007780       0x36 ./Core/Src/mongoose.o
 .text.nibble   0x080077b6       0x2c ./Core/Src/mongoose.o
 *fill*         0x080077e2        0x2 
 .text.mg_hexdump
                0x080077e4      0x168 ./Core/Src/mongoose.o
                0x080077e4                mg_hexdump
 .text.mg_mqtt_send_header
                0x0800794c       0x8a ./Core/Src/mongoose.o
                0x0800794c                mg_mqtt_send_header
 .text.mg_send_u16
                0x080079d6       0x20 ./Core/Src/mongoose.o
 .text.mg_send_u32
                0x080079f6       0x1e ./Core/Src/mongoose.o
 .text.varint_size
                0x08007a14       0x2c ./Core/Src/mongoose.o
 .text.encode_varint
                0x08007a40       0x4e ./Core/Src/mongoose.o
 .text.decode_varint
                0x08007a8e       0x72 ./Core/Src/mongoose.o
 .text.mqtt_prop_type_by_id
                0x08007b00       0x50 ./Core/Src/mongoose.o
 .text.get_properties_length
                0x08007b50      0x11c ./Core/Src/mongoose.o
 .text.get_props_size
                0x08007c6c       0x2e ./Core/Src/mongoose.o
 *fill*         0x08007c9a        0x2 
 .text.mg_send_mqtt_properties
                0x08007c9c      0x294 ./Core/Src/mongoose.o
 .text.mg_mqtt_login
                0x08007f30      0x2c8 ./Core/Src/mongoose.o
                0x08007f30                mg_mqtt_login
 .text.mg_mqtt_pub
                0x080081f8      0x150 ./Core/Src/mongoose.o
                0x080081f8                mg_mqtt_pub
 .text.mg_mqtt_sub
                0x08008348       0xe8 ./Core/Src/mongoose.o
                0x08008348                mg_mqtt_sub
 .text.mg_mqtt_parse
                0x08008430      0x24a ./Core/Src/mongoose.o
                0x08008430                mg_mqtt_parse
 *fill*         0x0800867a        0x2 
 .text.mqtt_cb  0x0800867c      0x1bc ./Core/Src/mongoose.o
 .text.mg_mqtt_connect
                0x08008838       0x5c ./Core/Src/mongoose.o
                0x08008838                mg_mqtt_connect
 .text.mg_vprintf
                0x08008894       0x38 ./Core/Src/mongoose.o
                0x08008894                mg_vprintf
 .text.mg_printf
                0x080088cc       0x34 ./Core/Src/mongoose.o
                0x080088cc                mg_printf
 .text.mg_atonl
                0x08008900       0x60 ./Core/Src/mongoose.o
 .text.mg_atone
                0x08008960       0x36 ./Core/Src/mongoose.o
 .text.mg_aton4
                0x08008996       0xec ./Core/Src/mongoose.o
 .text.mg_v4mapped
                0x08008a82       0xd0 ./Core/Src/mongoose.o
 .text.mg_aton6
                0x08008b52      0x220 ./Core/Src/mongoose.o
 .text.mg_aton  0x08008d72       0x74 ./Core/Src/mongoose.o
                0x08008d72                mg_aton
 .text.mg_alloc_conn
                0x08008de6       0x5a ./Core/Src/mongoose.o
                0x08008de6                mg_alloc_conn
 .text.mg_close_conn
                0x08008e40       0x9a ./Core/Src/mongoose.o
                0x08008e40                mg_close_conn
 *fill*         0x08008eda        0x2 
 .text.mg_connect
                0x08008edc       0xa8 ./Core/Src/mongoose.o
                0x08008edc                mg_connect
 .text.mg_listen
                0x08008f84       0xc0 ./Core/Src/mongoose.o
                0x08008f84                mg_listen
 .text.mg_timer_add
                0x08009044       0x52 ./Core/Src/mongoose.o
                0x08009044                mg_timer_add
 *fill*         0x08009096        0x2 
 .text.mg_mgr_init
                0x08009098       0xec ./Core/Src/mongoose.o
                0x08009098                mg_mgr_init
 .text.mg_tcpip_call
                0x08009184       0x28 ./Core/Src/mongoose.o
 .text.mkpay    0x080091ac       0x3c ./Core/Src/mongoose.o
 .text.csumup   0x080091e8       0x56 ./Core/Src/mongoose.o
 .text.csumfin  0x0800923e       0x36 ./Core/Src/mongoose.o
 .text.ipcsum   0x08009274       0x26 ./Core/Src/mongoose.o
 .text.settmout
                0x0800929a       0x7c ./Core/Src/mongoose.o
 .text.ether_output
                0x08009316       0x38 ./Core/Src/mongoose.o
 .text.mg_tcpip_arp_request
                0x0800934e       0xd0 ./Core/Src/mongoose.o
                0x0800934e                mg_tcpip_arp_request
 .text.onstatechange
                0x0800941e       0x5c ./Core/Src/mongoose.o
 .text.tx_ip    0x0800947a       0xae ./Core/Src/mongoose.o
 .text.tx_udp   0x08009528       0xd2 ./Core/Src/mongoose.o
 *fill*         0x080095fa        0x2 
 .text.tx_dhcp  0x080095fc      0x120 ./Core/Src/mongoose.o
 .text.tx_dhcp_request_sel
                0x0800971c       0xc0 ./Core/Src/mongoose.o
 .text.tx_dhcp_request_re
                0x080097dc       0x38 ./Core/Src/mongoose.o
 .text.tx_dhcp_discover
                0x08009814       0x44 ./Core/Src/mongoose.o
 .text.getpeer  0x08009858       0xe2 ./Core/Src/mongoose.o
 .text.rx_arp   0x0800993a      0x1a8 ./Core/Src/mongoose.o
 .text.rx_icmp  0x08009ae2       0xb8 ./Core/Src/mongoose.o
 .text.rx_dhcp_client
                0x08009b9a      0x350 ./Core/Src/mongoose.o
 *fill*         0x08009eea        0x2 
 .text.rx_dhcp_server
                0x08009eec      0x3dc ./Core/Src/mongoose.o
 .text.rx_udp   0x0800a2c8       0xe4 ./Core/Src/mongoose.o
 .text.tx_tcp   0x0800a3ac      0x11e ./Core/Src/mongoose.o
 .text.tx_tcp_pkt
                0x0800a4ca       0x8c ./Core/Src/mongoose.o
 .text.accept_conn
                0x0800a556      0x114 ./Core/Src/mongoose.o
 .text.trim_len
                0x0800a66a       0xc2 ./Core/Src/mongoose.o
 .text.mg_io_send
                0x0800a72c       0xee ./Core/Src/mongoose.o
                0x0800a72c                mg_io_send
 *fill*         0x0800a81a        0x2 
 .text.handle_tls_recv
                0x0800a81c       0x68 ./Core/Src/mongoose.o
 .text.read_conn
                0x0800a884      0x370 ./Core/Src/mongoose.o
 .text.rx_tcp   0x0800abf4      0x260 ./Core/Src/mongoose.o
 .text.rx_ip    0x0800ae54      0x1f8 ./Core/Src/mongoose.o
 .text.rx_ip6   0x0800b04c       0x84 ./Core/Src/mongoose.o
 .text.mg_tcpip_rx
                0x0800b0d0      0x1f0 ./Core/Src/mongoose.o
 .text.mg_tcpip_poll
                0x0800b2c0      0x418 ./Core/Src/mongoose.o
 .text.mg_tcpip_qwrite
                0x0800b6d8       0x5a ./Core/Src/mongoose.o
                0x0800b6d8                mg_tcpip_qwrite
 *fill*         0x0800b732        0x2 
 .text.mg_tcpip_init
                0x0800b734      0x134 ./Core/Src/mongoose.o
                0x0800b734                mg_tcpip_init
 .text.send_syn
                0x0800b868       0x6a ./Core/Src/mongoose.o
 .text.mac_resolved
                0x0800b8d2       0x48 ./Core/Src/mongoose.o
 *fill*         0x0800b91a        0x2 
 .text.mg_connect_resolved
                0x0800b91c      0x19c ./Core/Src/mongoose.o
                0x0800b91c                mg_connect_resolved
 .text.mg_open_listener
                0x0800bab8       0x2a ./Core/Src/mongoose.o
                0x0800bab8                mg_open_listener
 *fill*         0x0800bae2        0x2 
 .text.write_conn
                0x0800bae4       0x80 ./Core/Src/mongoose.o
 .text.init_closure
                0x0800bb64       0xa6 ./Core/Src/mongoose.o
 .text.close_conn
                0x0800bc0a       0x26 ./Core/Src/mongoose.o
 .text.can_write
                0x0800bc30       0x68 ./Core/Src/mongoose.o
 .text.mg_mgr_poll
                0x0800bc98       0xf0 ./Core/Src/mongoose.o
                0x0800bc98                mg_mgr_poll
 .text.mg_send  0x0800bd88       0xf0 ./Core/Src/mongoose.o
                0x0800bd88                mg_send
 .text.mg_ota_begin
                0x0800be78       0x68 ./Core/Src/mongoose.o
                0x0800be78                mg_ota_begin
 .text.mg_ota_write
                0x0800bee0      0x118 ./Core/Src/mongoose.o
                0x0800bee0                mg_ota_write
 .text.mg_ota_end
                0x0800bff8       0xdc ./Core/Src/mongoose.o
                0x0800bff8                mg_ota_end
 .text.swap_size
                0x0800c0d4       0x42 ./Core/Src/mongoose.o
 .text.mg_pfn_iobuf_private
                0x0800c116       0x90 ./Core/Src/mongoose.o
 .text.mg_putchar_iobuf_static
                0x0800c1a6       0x20 ./Core/Src/mongoose.o
 .text.mg_pfn_iobuf
                0x0800c1c6       0x20 ./Core/Src/mongoose.o
                0x0800c1c6                mg_pfn_iobuf
 *fill*         0x0800c1e6        0x2 
 .text.mg_vsnprintf
                0x0800c1e8       0x50 ./Core/Src/mongoose.o
                0x0800c1e8                mg_vsnprintf
 .text.mg_snprintf
                0x0800c238       0x32 ./Core/Src/mongoose.o
                0x0800c238                mg_snprintf
 *fill*         0x0800c26a        0x2 
 .text.mg_vmprintf
                0x0800c26c       0x38 ./Core/Src/mongoose.o
                0x0800c26c                mg_vmprintf
 .text.mg_mprintf
                0x0800c2a4       0x2a ./Core/Src/mongoose.o
                0x0800c2a4                mg_mprintf
 .text.mg_pfn_stdout
                0x0800c2ce       0x1c ./Core/Src/mongoose.o
                0x0800c2ce                mg_pfn_stdout
 *fill*         0x0800c2ea        0x2 
 .text.mg_esc   0x0800c2ec       0x7c ./Core/Src/mongoose.o
 .text.mg_escape
                0x0800c368       0x1a ./Core/Src/mongoose.o
 .text.qcpy     0x0800c382       0x86 ./Core/Src/mongoose.o
 .text.mg_print_esc
                0x0800c408       0x58 ./Core/Src/mongoose.o
                0x0800c408                mg_print_esc
 .text.mg_queue_read_len
                0x0800c460       0x54 ./Core/Src/mongoose.o
 .text.mg_queue_write_len
                0x0800c4b4       0x2c ./Core/Src/mongoose.o
 .text.mg_queue_book
                0x0800c4e0       0xae ./Core/Src/mongoose.o
                0x0800c4e0                mg_queue_book
 *fill*         0x0800c58e        0x2 
 .text.mg_queue_next
                0x0800c590       0x8c ./Core/Src/mongoose.o
                0x0800c590                mg_queue_next
 .text.mg_queue_add
                0x0800c61c       0x70 ./Core/Src/mongoose.o
                0x0800c61c                mg_queue_add
 .text.mg_queue_del
                0x0800c68c       0x48 ./Core/Src/mongoose.o
                0x0800c68c                mg_queue_del
 .text.mg_sha256_init
                0x0800c6d4       0x78 ./Core/Src/mongoose.o
                0x0800c6d4                mg_sha256_init
 .text.mg_sha256_chunk
                0x0800c74c      0x410 ./Core/Src/mongoose.o
 .text.mg_sha256_update
                0x0800cb5c       0x72 ./Core/Src/mongoose.o
                0x0800cb5c                mg_sha256_update
 .text.mg_sha256_final
                0x0800cbce      0x270 ./Core/Src/mongoose.o
                0x0800cbce                mg_sha256_final
 .text.mg_hmac_sha256
                0x0800ce3e      0x1d4 ./Core/Src/mongoose.o
                0x0800ce3e                mg_hmac_sha256
 *fill*         0x0800d012        0x2 
 .text.mg_now   0x0800d014       0x24 ./Core/Src/mongoose.o
                0x0800d014                mg_now
 .text.gettimestamp
                0x0800d038       0xec ./Core/Src/mongoose.o
 .text.mg_sntp_parse
                0x0800d124      0x140 ./Core/Src/mongoose.o
                0x0800d124                mg_sntp_parse
 .text.sntp_cb  0x0800d264       0xdc ./Core/Src/mongoose.o
 .text.mg_sntp_request
                0x0800d340       0xdc ./Core/Src/mongoose.o
                0x0800d340                mg_sntp_request
 .text.mg_sntp_connect
                0x0800d41c       0x54 ./Core/Src/mongoose.o
                0x0800d41c                mg_sntp_connect
 .text.mg_http_serve_ssi
                0x0800d470       0x28 ./Core/Src/mongoose.o
                0x0800d470                mg_http_serve_ssi
 .text.mg_str_s
                0x0800d498       0x3a ./Core/Src/mongoose.o
                0x0800d498                mg_str_s
 .text.mg_str_n
                0x0800d4d2       0x30 ./Core/Src/mongoose.o
                0x0800d4d2                mg_str_n
 .text.mg_tolc  0x0800d502       0x2a ./Core/Src/mongoose.o
 .text.mg_strdup
                0x0800d52c       0x6e ./Core/Src/mongoose.o
                0x0800d52c                mg_strdup
 .text.mg_strcmp
                0x0800d59a       0x84 ./Core/Src/mongoose.o
                0x0800d59a                mg_strcmp
 .text.mg_strcasecmp
                0x0800d61e       0x8e ./Core/Src/mongoose.o
                0x0800d61e                mg_strcasecmp
 .text.mg_match
                0x0800d6ac      0x1e8 ./Core/Src/mongoose.o
                0x0800d6ac                mg_match
 .text.mg_span  0x0800d894       0xba ./Core/Src/mongoose.o
                0x0800d894                mg_span
 .text.mg_str_to_num
                0x0800d94e      0x466 ./Core/Src/mongoose.o
                0x0800d94e                mg_str_to_num
 .text.mg_timer_init
                0x0800ddb4       0x58 ./Core/Src/mongoose.o
                0x0800ddb4                mg_timer_init
 .text.mg_timer_expired
                0x0800de0c       0xc8 ./Core/Src/mongoose.o
                0x0800de0c                mg_timer_expired
 .text.mg_timer_poll
                0x0800ded4       0xce ./Core/Src/mongoose.o
                0x0800ded4                mg_timer_poll
 .text.mg_tls_hexdump
                0x0800dfa2       0x18 ./Core/Src/mongoose.o
 .text.mg_der_to_tlv
                0x0800dfba       0xa8 ./Core/Src/mongoose.o
 .text.mg_der_find
                0x0800e062       0xde ./Core/Src/mongoose.o
 .text.mg_tls_got_record
                0x0800e140       0x4e ./Core/Src/mongoose.o
 .text.mg_tls_drop_record
                0x0800e18e       0x42 ./Core/Src/mongoose.o
 .text.mg_tls_drop_message
                0x0800e1d0       0x98 ./Core/Src/mongoose.o
 .text.mg_tls_derive_secret
                0x0800e268      0x138 ./Core/Src/mongoose.o
 .text.mg_tls_generate_handshake_keys
                0x0800e3a0      0x2a0 ./Core/Src/mongoose.o
 .text.mg_tls_generate_application_keys
                0x0800e640      0x230 ./Core/Src/mongoose.o
 .text.mg_tls_encrypt
                0x0800e870      0x1f8 ./Core/Src/mongoose.o
 .text.mg_tls_recv_record
                0x0800ea68      0x1f0 ./Core/Src/mongoose.o
 .text.mg_tls_calc_cert_verify_hash
                0x0800ec58      0x144 ./Core/Src/mongoose.o
 .text.mg_tls_server_recv_hello
                0x0800ed9c      0x2b0 ./Core/Src/mongoose.o
 .text.mg_tls_server_send_hello
                0x0800f04c      0x168 ./Core/Src/mongoose.o
 .text.mg_tls_server_send_ext
                0x0800f1b4       0x4c ./Core/Src/mongoose.o
 .text.mg_tls_server_send_cert
                0x0800f200      0x11c ./Core/Src/mongoose.o
 .text.init_SHA256
                0x0800f31c       0x1e ./Core/Src/mongoose.o
 .text.update_SHA256
                0x0800f33a       0x26 ./Core/Src/mongoose.o
 .text.finish_SHA256
                0x0800f360       0x22 ./Core/Src/mongoose.o
 *fill*         0x0800f382        0x2 
 .text.mg_tls_send_cert_verify
                0x0800f384      0x27c ./Core/Src/mongoose.o
 .text.mg_tls_server_send_finish
                0x0800f600       0xc4 ./Core/Src/mongoose.o
 .text.mg_tls_server_recv_finish
                0x0800f6c4       0x80 ./Core/Src/mongoose.o
 .text.mg_tls_client_send_hello
                0x0800f744      0x3e8 ./Core/Src/mongoose.o
 .text.mg_tls_client_recv_hello
                0x0800fb2c      0x228 ./Core/Src/mongoose.o
 .text.mg_tls_client_recv_ext
                0x0800fd54       0x60 ./Core/Src/mongoose.o
 .text.mg_tls_client_recv_cert
                0x0800fdb4      0x2d8 ./Core/Src/mongoose.o
 .text.mg_tls_client_recv_cert_verify
                0x0801008c      0x174 ./Core/Src/mongoose.o
 .text.mg_tls_client_recv_finish
                0x08010200       0x60 ./Core/Src/mongoose.o
 .text.mg_tls_client_send_finish
                0x08010260       0xb0 ./Core/Src/mongoose.o
 .text.mg_tls_client_handshake
                0x08010310      0x20c ./Core/Src/mongoose.o
 .text.mg_tls_server_handshake
                0x0801051c       0xa0 ./Core/Src/mongoose.o
 .text.mg_tls_handshake
                0x080105bc       0x2e ./Core/Src/mongoose.o
                0x080105bc                mg_tls_handshake
 *fill*         0x080105ea        0x2 
 .text.mg_parse_pem
                0x080105ec      0x140 ./Core/Src/mongoose.o
 .text.mg_tls_init
                0x0801072c      0x1e4 ./Core/Src/mongoose.o
                0x0801072c                mg_tls_init
 .text.mg_tls_free
                0x08010910       0x48 ./Core/Src/mongoose.o
                0x08010910                mg_tls_free
 .text.mg_tls_send
                0x08010958       0x90 ./Core/Src/mongoose.o
                0x08010958                mg_tls_send
 .text.mg_tls_recv
                0x080109e8       0x98 ./Core/Src/mongoose.o
                0x080109e8                mg_tls_recv
 .text.mg_tls_pending
                0x08010a80       0x18 ./Core/Src/mongoose.o
                0x08010a80                mg_tls_pending
 .text.mg_tls_ctx_init
                0x08010a98       0x14 ./Core/Src/mongoose.o
                0x08010a98                mg_tls_ctx_init
 .text.initialize_state
                0x08010aac       0xd0 ./Core/Src/mongoose.o
 .text.core_block
                0x08010b7c      0x4a4 ./Core/Src/mongoose.o
 .text.xor_block
                0x08011020      0x116 ./Core/Src/mongoose.o
 .text.chacha20_xor_stream
                0x08011136       0xf0 ./Core/Src/mongoose.o
 .text.rfc8439_keygen
                0x08011226       0x40 ./Core/Src/mongoose.o
 .text.U8TO32   0x08011266       0x38 ./Core/Src/mongoose.o
 .text.U32TO8   0x0801129e       0x42 ./Core/Src/mongoose.o
 .text.poly1305_init
                0x080112e0       0xf8 ./Core/Src/mongoose.o
 .text.poly1305_blocks
                0x080113d8      0xe06 ./Core/Src/mongoose.o
 .text.poly1305_finish
                0x080121de      0x4b8 ./Core/Src/mongoose.o
 .text.poly1305_update
                0x08012696      0x106 ./Core/Src/mongoose.o
 .text.pad_if_needed
                0x0801279c       0x34 ./Core/Src/mongoose.o
 .text.write_64bit_int
                0x080127d0       0xbe ./Core/Src/mongoose.o
 .text.poly1305_calculate_mac
                0x0801288e       0xd8 ./Core/Src/mongoose.o
 .text.mg_chacha20_poly1305_encrypt
                0x08012966       0x70 ./Core/Src/mongoose.o
                0x08012966                mg_chacha20_poly1305_encrypt
 .text.mg_chacha20_poly1305_decrypt
                0x080129d6       0x54 ./Core/Src/mongoose.o
                0x080129d6                mg_chacha20_poly1305_decrypt
 .text.mg_uecc_vli_clear
                0x08012a2a       0x42 ./Core/Src/mongoose.o
 .text.mg_uecc_vli_isZero
                0x08012a6c       0x54 ./Core/Src/mongoose.o
 .text.mg_uecc_vli_testBit
                0x08012ac0       0x36 ./Core/Src/mongoose.o
 .text.vli_numDigits
                0x08012af6       0x4a ./Core/Src/mongoose.o
 .text.mg_uecc_vli_numBits
                0x08012b40       0x70 ./Core/Src/mongoose.o
 .text.mg_uecc_vli_set
                0x08012bb0       0x4e ./Core/Src/mongoose.o
 .text.mg_uecc_vli_cmp_unsafe
                0x08012bfe       0x78 ./Core/Src/mongoose.o
 .text.mg_uecc_vli_equal
                0x08012c76       0x64 ./Core/Src/mongoose.o
 .text.mg_uecc_vli_cmp
                0x08012cda       0x62 ./Core/Src/mongoose.o
 .text.mg_uecc_vli_rshift1
                0x08012d3c       0x54 ./Core/Src/mongoose.o
 .text.mg_uecc_vli_add
                0x08012d90       0x94 ./Core/Src/mongoose.o
 .text.mg_uecc_vli_sub
                0x08012e24       0x94 ./Core/Src/mongoose.o
 .text.muladd   0x08012eb8       0xd4 ./Core/Src/mongoose.o
 .text.mg_uecc_vli_mult
                0x08012f8c      0x140 ./Core/Src/mongoose.o
 .text.mg_uecc_vli_modAdd
                0x080130cc       0x4e ./Core/Src/mongoose.o
 .text.mg_uecc_vli_modSub
                0x0801311a       0x3a ./Core/Src/mongoose.o
 .text.mg_uecc_vli_mmod
                0x08013154      0x278 ./Core/Src/mongoose.o
 .text.mg_uecc_vli_modMult
                0x080133cc       0x36 ./Core/Src/mongoose.o
 .text.mg_uecc_vli_modMult_fast
                0x08013402       0x38 ./Core/Src/mongoose.o
 .text.mg_uecc_vli_modSquare_fast
                0x0801343a       0x20 ./Core/Src/mongoose.o
 .text.vli_modInv_update
                0x0801345a       0x70 ./Core/Src/mongoose.o
 .text.mg_uecc_vli_modInv
                0x080134ca      0x1f2 ./Core/Src/mongoose.o
 .text.double_jacobian_default
                0x080136bc      0x1fe ./Core/Src/mongoose.o
 .text.x_side_default
                0x080138ba       0x76 ./Core/Src/mongoose.o
 .text.mod_sqrt_default
                0x08013930       0xca ./Core/Src/mongoose.o
 *fill*         0x080139fa        0x2 
 .text.mg_uecc_secp256r1
                0x080139fc       0x14 ./Core/Src/mongoose.o
                0x080139fc                mg_uecc_secp256r1
 .text.vli_mmod_fast_secp256r1
                0x08013a10      0x2b4 ./Core/Src/mongoose.o
 .text.apply_z  0x08013cc4       0x50 ./Core/Src/mongoose.o
 .text.XYcZ_initial_double
                0x08013d14       0x94 ./Core/Src/mongoose.o
 .text.XYcZ_add
                0x08013da8      0x134 ./Core/Src/mongoose.o
 .text.XYcZ_addC
                0x08013edc      0x1e2 ./Core/Src/mongoose.o
 .text.EccPoint_mult
                0x080140be      0x2c2 ./Core/Src/mongoose.o
 .text.regularize_k
                0x08014380       0x82 ./Core/Src/mongoose.o
 *fill*         0x08014402        0x2 
 .text.mg_uecc_generate_random_int
                0x08014404       0xd4 ./Core/Src/mongoose.o
 .text.mg_uecc_vli_nativeToBytes
                0x080144d8       0x5a ./Core/Src/mongoose.o
 .text.mg_uecc_vli_bytesToNative
                0x08014532       0x78 ./Core/Src/mongoose.o
 .text.bits2int
                0x080145aa       0xe4 ./Core/Src/mongoose.o
 *fill*         0x0801468e        0x2 
 .text.mg_uecc_sign_with_k_internal
                0x08014690      0x2d8 ./Core/Src/mongoose.o
 .text.HMAC_init
                0x08014968       0x7e ./Core/Src/mongoose.o
 .text.HMAC_update
                0x080149e6       0x20 ./Core/Src/mongoose.o
 .text.HMAC_finish
                0x08014a06       0xa2 ./Core/Src/mongoose.o
 .text.update_V
                0x08014aa8       0x34 ./Core/Src/mongoose.o
 .text.mg_uecc_sign_deterministic
                0x08014adc      0x22c ./Core/Src/mongoose.o
                0x08014adc                mg_uecc_sign_deterministic
 .text.smax     0x08014d08       0x2c ./Core/Src/mongoose.o
 .text.mg_uecc_verify
                0x08014d34      0x598 ./Core/Src/mongoose.o
                0x08014d34                mg_uecc_verify
 .text.umaal    0x080152cc       0x9c ./Core/Src/mongoose.o
 .text.adc      0x08015368       0x6e ./Core/Src/mongoose.o
 .text.adc0     0x080153d6       0x4c ./Core/Src/mongoose.o
 .text.propagate
                0x08015422       0x74 ./Core/Src/mongoose.o
 .text.add      0x08015496       0x60 ./Core/Src/mongoose.o
 .text.sub      0x080154f6       0xa2 ./Core/Src/mongoose.o
 .text.mul      0x08015598       0xfa ./Core/Src/mongoose.o
 .text.sqr      0x08015692       0x1e ./Core/Src/mongoose.o
 .text.mul1     0x080156b0       0x1e ./Core/Src/mongoose.o
 .text.sqr1     0x080156ce       0x18 ./Core/Src/mongoose.o
 .text.condswap
                0x080156e6       0x78 ./Core/Src/mongoose.o
 .text.canon    0x0801575e       0xe4 ./Core/Src/mongoose.o
 *fill*         0x08015842        0x2 
 .text.ladder_part1
                0x08015844       0xa8 ./Core/Src/mongoose.o
 .text.ladder_part2
                0x080158ec       0x5c ./Core/Src/mongoose.o
 .text.x25519_core
                0x08015948      0x15c ./Core/Src/mongoose.o
 .text.mg_tls_x25519
                0x08015aa4      0x198 ./Core/Src/mongoose.o
                0x08015aa4                mg_tls_x25519
 .text.mg_url_is_ssl
                0x08015c3c       0x90 ./Core/Src/mongoose.o
                0x08015c3c                mg_url_is_ssl
 .text.urlparse
                0x08015ccc      0x102 ./Core/Src/mongoose.o
 .text.mg_url_host
                0x08015dce       0x66 ./Core/Src/mongoose.o
                0x08015dce                mg_url_host
 .text.mg_url_port
                0x08015e34       0xc8 ./Core/Src/mongoose.o
                0x08015e34                mg_url_port
 .text.mg_bzero
                0x08015efc       0x32 ./Core/Src/mongoose.o
                0x08015efc                mg_bzero
 *fill*         0x08015f2e        0x2 
 .text.mg_random_str
                0x08015f30       0x8c ./Core/Src/mongoose.o
                0x08015f30                mg_random_str
 .text.mg_ntohl
                0x08015fbc       0x32 ./Core/Src/mongoose.o
                0x08015fbc                mg_ntohl
 .text.mg_ntohs
                0x08015fee       0x2e ./Core/Src/mongoose.o
                0x08015fee                mg_ntohs
 .text.mg_crc32
                0x0801601c       0x74 ./Core/Src/mongoose.o
                0x0801601c                mg_crc32
 .text.mg_path_is_sane
                0x08016090       0x80 ./Core/Src/mongoose.o
                0x08016090                mg_path_is_sane
 .text.mg_phy_init
                0x08016110      0x12c ./Core/Src/mongoose.o
                0x08016110                mg_phy_init
 .text.mg_phy_up
                0x0801623c      0x1ea ./Core/Src/mongoose.o
                0x0801623c                mg_phy_up
 *fill*         0x08016426        0x2 
 .text.eth_read_phy
                0x08016428       0x74 ./Core/Src/mongoose.o
 .text.eth_write_phy
                0x0801649c       0x78 ./Core/Src/mongoose.o
 .text.mg_tcpip_driver_stm32h_init
                0x08016514      0x268 ./Core/Src/mongoose.o
 .text.mg_tcpip_driver_stm32h_tx
                0x0801677c      0x10c ./Core/Src/mongoose.o
 .text.mg_tcpip_driver_stm32h_up
                0x08016888       0xa4 ./Core/Src/mongoose.o
 .text.ETH_IRQHandler
                0x0801692c      0x120 ./Core/Src/mongoose.o
                0x0801692c                ETH_IRQHandler
 .text.scmp     0x08016a4c       0x44 ./Core/Src/mongoose_fs.o
 .text.mg_unlist
                0x08016a90       0x28 ./Core/Src/mongoose_fs.o
                0x08016a90                mg_unlist
 .text.mg_unpack
                0x08016ab8       0x6c ./Core/Src/mongoose_fs.o
                0x08016ab8                mg_unpack
 .text.timer_fn_all_topics
                0x08016b24       0xd4 ./Core/Src/mongoose_glue.o
 .text.init_topics
                0x08016bf8       0x44 ./Core/Src/mongoose_glue.o
 .text.glue_init_1
                0x08016c3c       0x38 ./Core/Src/mongoose_glue.o
                0x08016c3c                glue_init_1
 .text.glue_mqtt_tls_init
                0x08016c74       0x4c ./Core/Src/mongoose_glue.o
                0x08016c74                glue_mqtt_tls_init
 .text.glue_mqtt_on_connect
                0x08016cc0       0x6c ./Core/Src/mongoose_glue.o
                0x08016cc0                glue_mqtt_on_connect
 .text.glue_mqtt_on_message
                0x08016d2c      0x118 ./Core/Src/mongoose_glue.o
                0x08016d2c                glue_mqtt_on_message
 .text.gateway1_parse_data
                0x08016e44      0x2a0 ./Core/Src/mongoose_glue.o
 .text.gateway1_save_to_flash
                0x080170e4       0xd4 ./Core/Src/mongoose_glue.o
 .text.gateway1_load_from_flash
                0x080171b8       0x78 ./Core/Src/mongoose_glue.o
 .text.glue_mqtt_on_cmd
                0x08017230       0x16 ./Core/Src/mongoose_glue.o
                0x08017230                glue_mqtt_on_cmd
 *fill*         0x08017246        0x2 
 .text.glue_mqtt_connect
                0x08017248       0x7c ./Core/Src/mongoose_glue.o
                0x08017248                glue_mqtt_connect
 .text.glue_sntp_on_time
                0x080172c4       0x16 ./Core/Src/mongoose_glue.o
                0x080172c4                glue_sntp_on_time
 *fill*         0x080172da        0x2 
 .text.glue_modbus_read_reg
                0x080172dc       0x5c ./Core/Src/mongoose_glue.o
                0x080172dc                glue_modbus_read_reg
 .text.glue_modbus_write_reg
                0x08017338       0x5c ./Core/Src/mongoose_glue.o
                0x08017338                glue_modbus_write_reg
 .text.glue_authenticate
                0x08017394       0x68 ./Core/Src/mongoose_glue.o
                0x08017394                glue_authenticate
 .text.glue_check_reboot
                0x080173fc       0x24 ./Core/Src/mongoose_glue.o
                0x080173fc                glue_check_reboot
 .text.glue_start_reboot
                0x08017420       0x24 ./Core/Src/mongoose_glue.o
                0x08017420                glue_start_reboot
 .text.glue_ota_begin_firmware_update
                0x08017444       0x28 ./Core/Src/mongoose_glue.o
                0x08017444                glue_ota_begin_firmware_update
 .text.glue_ota_end_firmware_update
                0x0801746c       0x44 ./Core/Src/mongoose_glue.o
                0x0801746c                glue_ota_end_firmware_update
 .text.glue_ota_write_firmware_update
                0x080174b0       0x1e ./Core/Src/mongoose_glue.o
                0x080174b0                glue_ota_write_firmware_update
 *fill*         0x080174ce        0x2 
 .text.glue_file_open_file_upload
                0x080174d0       0x50 ./Core/Src/mongoose_glue.o
                0x080174d0                glue_file_open_file_upload
 .text.glue_file_close_file_upload
                0x08017520       0x16 ./Core/Src/mongoose_glue.o
                0x08017520                glue_file_close_file_upload
 .text.glue_file_write_file_upload
                0x08017536       0x1a ./Core/Src/mongoose_glue.o
                0x08017536                glue_file_write_file_upload
 .text.glue_graph_get_graph1
                0x08017550       0xb4 ./Core/Src/mongoose_glue.o
                0x08017550                glue_graph_get_graph1
 .text.glue_get_state
                0x08017604       0x30 ./Core/Src/mongoose_glue.o
                0x08017604                glue_get_state
 .text.glue_set_state
                0x08017634       0x30 ./Core/Src/mongoose_glue.o
                0x08017634                glue_set_state
 .text.glue_get_leds
                0x08017664       0x24 ./Core/Src/mongoose_glue.o
                0x08017664                glue_get_leds
 .text.glue_set_leds
                0x08017688       0x24 ./Core/Src/mongoose_glue.o
                0x08017688                glue_set_leds
 .text.glue_get_settings
                0x080176ac       0x34 ./Core/Src/mongoose_glue.o
                0x080176ac                glue_get_settings
 .text.glue_set_settings
                0x080176e0       0x34 ./Core/Src/mongoose_glue.o
                0x080176e0                glue_set_settings
 .text.glue_get_security
                0x08017714       0x24 ./Core/Src/mongoose_glue.o
                0x08017714                glue_get_security
 .text.glue_set_security
                0x08017738       0x24 ./Core/Src/mongoose_glue.o
                0x08017738                glue_set_security
 .text.find_handler
                0x0801775c       0xb0 ./Core/Src/mongoose_impl.o
 .text.mg_json_get_str2
                0x0801780c       0x58 ./Core/Src/mongoose_impl.o
                0x0801780c                mg_json_get_str2
 .text.authenticate
                0x08017864      0x150 ./Core/Src/mongoose_impl.o
 .text.handle_login
                0x080179b4       0xdc ./Core/Src/mongoose_impl.o
 .text.handle_logout
                0x08017a90       0x70 ./Core/Src/mongoose_impl.o
 .text.close_uploaded_file
                0x08017b00       0x42 ./Core/Src/mongoose_impl.o
 *fill*         0x08017b42        0x2 
 .text.upload_handler
                0x08017b44      0x134 ./Core/Src/mongoose_impl.o
 .text.prep_upload
                0x08017c78      0x114 ./Core/Src/mongoose_impl.o
 .text.handle_uploads
                0x08017d8c       0xf8 ./Core/Src/mongoose_impl.o
 .text.handle_action
                0x08017e84       0x80 ./Core/Src/mongoose_impl.o
 .text.print_struct
                0x08017f04      0x210 ./Core/Src/mongoose_impl.o
                0x08017f04                print_struct
 .text.handle_object
                0x08018114      0x230 ./Core/Src/mongoose_impl.o
 .text.print_timeseries
                0x08018344       0xa4 ./Core/Src/mongoose_impl.o
                0x08018344                print_timeseries
 .text.handle_graph
                0x080183e8       0xcc ./Core/Src/mongoose_impl.o
 .text.handle_api_call
                0x080184b4       0x9c ./Core/Src/mongoose_impl.o
 .text.http_ev_handler
                0x08018550      0x2d8 ./Core/Src/mongoose_impl.o
 .text.sntp_ev_handler
                0x08018828       0x54 ./Core/Src/mongoose_impl.o
 .text.sntp_timer
                0x0801887c       0x70 ./Core/Src/mongoose_impl.o
 .text.mqtt_event_handler
                0x080188ec       0x74 ./Core/Src/mongoose_impl.o
 .text.mqtt_timer
                0x08018960       0x34 ./Core/Src/mongoose_impl.o
 .text.handle_modbus_pdu
                0x08018994      0x35c ./Core/Src/mongoose_impl.o
 .text.modbus_ev_handler
                0x08018cf0       0x68 ./Core/Src/mongoose_impl.o
 .text.mongoose_init
                0x08018d58       0xac ./Core/Src/mongoose_impl.o
                0x08018d58                mongoose_init
 .text.mongoose_poll
                0x08018e04       0x14 ./Core/Src/mongoose_impl.o
                0x08018e04                mongoose_poll
 .text.HAL_MspInit
                0x08018e18       0x3c ./Core/Src/stm32h7xx_hal_msp.o
                0x08018e18                HAL_MspInit
 .text.HAL_ETH_MspInit
                0x08018e54      0x1ac ./Core/Src/stm32h7xx_hal_msp.o
                0x08018e54                HAL_ETH_MspInit
 .text.HAL_RNG_MspInit
                0x08019000       0x74 ./Core/Src/stm32h7xx_hal_msp.o
                0x08019000                HAL_RNG_MspInit
 .text.HAL_UART_MspInit
                0x08019074      0x1bc ./Core/Src/stm32h7xx_hal_msp.o
                0x08019074                HAL_UART_MspInit
 .text.HAL_InitTick
                0x08019230       0xd8 ./Core/Src/stm32h7xx_hal_timebase_tim.o
                0x08019230                HAL_InitTick
 .text.NMI_Handler
                0x08019308        0x8 ./Core/Src/stm32h7xx_it.o
                0x08019308                NMI_Handler
 .text.HardFault_Handler
                0x08019310        0x8 ./Core/Src/stm32h7xx_it.o
                0x08019310                HardFault_Handler
 .text.MemManage_Handler
                0x08019318        0x8 ./Core/Src/stm32h7xx_it.o
                0x08019318                MemManage_Handler
 .text.BusFault_Handler
                0x08019320        0x8 ./Core/Src/stm32h7xx_it.o
                0x08019320                BusFault_Handler
 .text.UsageFault_Handler
                0x08019328        0x8 ./Core/Src/stm32h7xx_it.o
                0x08019328                UsageFault_Handler
 .text.DebugMon_Handler
                0x08019330        0xe ./Core/Src/stm32h7xx_it.o
                0x08019330                DebugMon_Handler
 *fill*         0x0801933e        0x2 
 .text.TIM6_DAC_IRQHandler
                0x08019340       0x14 ./Core/Src/stm32h7xx_it.o
                0x08019340                TIM6_DAC_IRQHandler
 .text._getpid  0x08019354       0x10 ./Core/Src/syscalls.o
                0x08019354                _getpid
 .text._kill    0x08019364       0x20 ./Core/Src/syscalls.o
                0x08019364                _kill
 .text._exit    0x08019384       0x16 ./Core/Src/syscalls.o
                0x08019384                _exit
 .text._read    0x0801939a       0x3a ./Core/Src/syscalls.o
                0x0801939a                _read
 .text._close   0x080193d4       0x18 ./Core/Src/syscalls.o
                0x080193d4                _close
 .text._fstat   0x080193ec       0x20 ./Core/Src/syscalls.o
                0x080193ec                _fstat
 .text._isatty  0x0801940c       0x16 ./Core/Src/syscalls.o
                0x0801940c                _isatty
 .text._lseek   0x08019422       0x1a ./Core/Src/syscalls.o
                0x08019422                _lseek
 .text._sbrk    0x0801943c       0x6c ./Core/Src/sysmem.o
                0x0801943c                _sbrk
 .text.Reset_Handler
                0x080194a8       0x50 ./Core/Startup/startup_stm32h745zitx.o
                0x080194a8                Reset_Handler
 .text.Default_Handler
                0x080194f8        0x2 ./Core/Startup/startup_stm32h745zitx.o
                0x080194f8                RTC_Alarm_IRQHandler
                0x080194f8                EXTI2_IRQHandler
                0x080194f8                TIM8_CC_IRQHandler
                0x080194f8                HRTIM1_Master_IRQHandler
                0x080194f8                UART8_IRQHandler
                0x080194f8                SPI4_IRQHandler
                0x080194f8                TIM1_CC_IRQHandler
                0x080194f8                BDMA_Channel6_IRQHandler
                0x080194f8                DMA2_Stream5_IRQHandler
                0x080194f8                HRTIM1_FLT_IRQHandler
                0x080194f8                JPEG_IRQHandler
                0x080194f8                DMA1_Stream5_IRQHandler
                0x080194f8                BDMA_Channel1_IRQHandler
                0x080194f8                HRTIM1_TIMD_IRQHandler
                0x080194f8                TAMP_STAMP_IRQHandler
                0x080194f8                EXTI3_IRQHandler
                0x080194f8                LPTIM4_IRQHandler
                0x080194f8                TIM8_TRG_COM_TIM14_IRQHandler
                0x080194f8                LPTIM2_IRQHandler
                0x080194f8                DFSDM1_FLT1_IRQHandler
                0x080194f8                DMAMUX2_OVR_IRQHandler
                0x080194f8                TIM8_UP_TIM13_IRQHandler
                0x080194f8                I2C3_ER_IRQHandler
                0x080194f8                DFSDM1_FLT2_IRQHandler
                0x080194f8                MDMA_IRQHandler
                0x080194f8                LPTIM3_IRQHandler
                0x080194f8                HSEM1_IRQHandler
                0x080194f8                EXTI0_IRQHandler
                0x080194f8                I2C2_EV_IRQHandler
                0x080194f8                DMA1_Stream2_IRQHandler
                0x080194f8                FPU_IRQHandler
                0x080194f8                OTG_HS_WKUP_IRQHandler
                0x080194f8                FDCAN1_IT1_IRQHandler
                0x080194f8                LTDC_ER_IRQHandler
                0x080194f8                DMA2_Stream2_IRQHandler
                0x080194f8                HRTIM1_TIME_IRQHandler
                0x080194f8                SPI1_IRQHandler
                0x080194f8                DCMI_IRQHandler
                0x080194f8                HRTIM1_TIMC_IRQHandler
                0x080194f8                DMA2_Stream3_IRQHandler
                0x080194f8                SAI2_IRQHandler
                0x080194f8                DFSDM1_FLT3_IRQHandler
                0x080194f8                USART6_IRQHandler
                0x080194f8                TIM17_IRQHandler
                0x080194f8                USART3_IRQHandler
                0x080194f8                BDMA_Channel7_IRQHandler
                0x080194f8                LPTIM5_IRQHandler
                0x080194f8                UART5_IRQHandler
                0x080194f8                ADC3_IRQHandler
                0x080194f8                DMA2_Stream0_IRQHandler
                0x080194f8                TIM4_IRQHandler
                0x080194f8                BDMA_Channel2_IRQHandler
                0x080194f8                QUADSPI_IRQHandler
                0x080194f8                I2C1_EV_IRQHandler
                0x080194f8                DMA1_Stream6_IRQHandler
                0x080194f8                DMAMUX1_OVR_IRQHandler
                0x080194f8                DMA1_Stream1_IRQHandler
                0x080194f8                TIM16_IRQHandler
                0x080194f8                UART4_IRQHandler
                0x080194f8                BDMA_Channel5_IRQHandler
                0x080194f8                TIM3_IRQHandler
                0x080194f8                RCC_IRQHandler
                0x080194f8                TIM8_BRK_TIM12_IRQHandler
                0x080194f8                TIM1_TRG_COM_IRQHandler
                0x080194f8                Default_Handler
                0x080194f8                ECC_IRQHandler
                0x080194f8                CEC_IRQHandler
                0x080194f8                EXTI15_10_IRQHandler
                0x080194f8                BDMA_Channel0_IRQHandler
                0x080194f8                ADC_IRQHandler
                0x080194f8                DMA1_Stream7_IRQHandler
                0x080194f8                HRTIM1_TIMA_IRQHandler
                0x080194f8                SPI5_IRQHandler
                0x080194f8                TIM7_IRQHandler
                0x080194f8                SDMMC1_IRQHandler
                0x080194f8                TIM5_IRQHandler
                0x080194f8                DMA2_Stream7_IRQHandler
                0x080194f8                TIM15_IRQHandler
                0x080194f8                PVD_AVD_IRQHandler
                0x080194f8                I2C3_EV_IRQHandler
                0x080194f8                EXTI9_5_IRQHandler
                0x080194f8                RTC_WKUP_IRQHandler
                0x080194f8                LTDC_IRQHandler
                0x080194f8                SAI3_IRQHandler
                0x080194f8                ETH_WKUP_IRQHandler
                0x080194f8                SPDIF_RX_IRQHandler
                0x080194f8                SPI2_IRQHandler
                0x080194f8                OTG_HS_EP1_IN_IRQHandler
                0x080194f8                DMA1_Stream0_IRQHandler
                0x080194f8                CRS_IRQHandler
                0x080194f8                CM7_SEV_IRQHandler
                0x080194f8                EXTI4_IRQHandler
                0x080194f8                RNG_IRQHandler
                0x080194f8                CM4_SEV_IRQHandler
                0x080194f8                HRTIM1_TIMB_IRQHandler
                0x080194f8                FDCAN2_IT1_IRQHandler
                0x080194f8                TIM1_UP_IRQHandler
                0x080194f8                WWDG_RST_IRQHandler
                0x080194f8                BDMA_Channel4_IRQHandler
                0x080194f8                OTG_HS_EP1_OUT_IRQHandler
                0x080194f8                WWDG_IRQHandler
                0x080194f8                SPI6_IRQHandler
                0x080194f8                MDIOS_IRQHandler
                0x080194f8                I2C4_EV_IRQHandler
                0x080194f8                FDCAN2_IT0_IRQHandler
                0x080194f8                LPUART1_IRQHandler
                0x080194f8                FDCAN1_IT0_IRQHandler
                0x080194f8                TIM2_IRQHandler
                0x080194f8                OTG_FS_WKUP_IRQHandler
                0x080194f8                OTG_HS_IRQHandler
                0x080194f8                HSEM2_IRQHandler
                0x080194f8                DMA2D_IRQHandler
                0x080194f8                TIM1_BRK_IRQHandler
                0x080194f8                EXTI1_IRQHandler
                0x080194f8                SDMMC2_IRQHandler
                0x080194f8                OTG_FS_EP1_OUT_IRQHandler
                0x080194f8                BDMA_Channel3_IRQHandler
                0x080194f8                HOLD_CORE_IRQHandler
                0x080194f8                UART7_IRQHandler
                0x080194f8                MDIOS_WKUP_IRQHandler
                0x080194f8                USART2_IRQHandler
                0x080194f8                DFSDM1_FLT0_IRQHandler
                0x080194f8                SAI4_IRQHandler
                0x080194f8                I2C2_ER_IRQHandler
                0x080194f8                DMA2_Stream1_IRQHandler
                0x080194f8                FLASH_IRQHandler
                0x080194f8                DMA2_Stream4_IRQHandler
                0x080194f8                USART1_IRQHandler
                0x080194f8                OTG_FS_IRQHandler
                0x080194f8                SPI3_IRQHandler
                0x080194f8                WAKEUP_PIN_IRQHandler
                0x080194f8                DMA1_Stream4_IRQHandler
                0x080194f8                OTG_FS_EP1_IN_IRQHandler
                0x080194f8                I2C1_ER_IRQHandler
                0x080194f8                FMC_IRQHandler
                0x080194f8                FDCAN_CAL_IRQHandler
                0x080194f8                SWPMI1_IRQHandler
                0x080194f8                COMP1_IRQHandler
                0x080194f8                LPTIM1_IRQHandler
                0x080194f8                I2C4_ER_IRQHandler
                0x080194f8                DMA2_Stream6_IRQHandler
                0x080194f8                SAI1_IRQHandler
                0x080194f8                DMA1_Stream3_IRQHandler
 *fill*         0x080194fa        0x2 
 .text.HAL_Init
                0x080194fc       0x78 ./Drivers/STM32H7xx_HAL_Driver/stm32h7xx_hal.o
                0x080194fc                HAL_Init
 .text.HAL_IncTick
                0x08019574       0x28 ./Drivers/STM32H7xx_HAL_Driver/stm32h7xx_hal.o
                0x08019574                HAL_IncTick
 .text.HAL_GetTick
                0x0801959c       0x18 ./Drivers/STM32H7xx_HAL_Driver/stm32h7xx_hal.o
                0x0801959c                HAL_GetTick
 .text.HAL_GetREVID
                0x080195b4       0x18 ./Drivers/STM32H7xx_HAL_Driver/stm32h7xx_hal.o
                0x080195b4                HAL_GetREVID
 .text.HAL_SYSCFG_ETHInterfaceSelect
                0x080195cc       0x28 ./Drivers/STM32H7xx_HAL_Driver/stm32h7xx_hal.o
                0x080195cc                HAL_SYSCFG_ETHInterfaceSelect
 .text.__NVIC_SetPriorityGrouping
                0x080195f4       0x48 ./Drivers/STM32H7xx_HAL_Driver/stm32h7xx_hal_cortex.o
 .text.__NVIC_GetPriorityGrouping
                0x0801963c       0x1c ./Drivers/STM32H7xx_HAL_Driver/stm32h7xx_hal_cortex.o
 .text.__NVIC_EnableIRQ
                0x08019658       0x3c ./Drivers/STM32H7xx_HAL_Driver/stm32h7xx_hal_cortex.o
 .text.__NVIC_SetPriority
                0x08019694       0x54 ./Drivers/STM32H7xx_HAL_Driver/stm32h7xx_hal_cortex.o
 .text.NVIC_EncodePriority
                0x080196e8       0x66 ./Drivers/STM32H7xx_HAL_Driver/stm32h7xx_hal_cortex.o
 .text.HAL_NVIC_SetPriorityGrouping
                0x0801974e       0x16 ./Drivers/STM32H7xx_HAL_Driver/stm32h7xx_hal_cortex.o
                0x0801974e                HAL_NVIC_SetPriorityGrouping
 .text.HAL_NVIC_SetPriority
                0x08019764       0x34 ./Drivers/STM32H7xx_HAL_Driver/stm32h7xx_hal_cortex.o
                0x08019764                HAL_NVIC_SetPriority
 .text.HAL_NVIC_EnableIRQ
                0x08019798       0x1c ./Drivers/STM32H7xx_HAL_Driver/stm32h7xx_hal_cortex.o
                0x08019798                HAL_NVIC_EnableIRQ
 .text.HAL_ETH_Init
                0x080197b4      0x1fc ./Drivers/STM32H7xx_HAL_Driver/stm32h7xx_hal_eth.o
                0x080197b4                HAL_ETH_Init
 .text.HAL_ETH_SetMDIOClockRange
                0x080199b0       0xa0 ./Drivers/STM32H7xx_HAL_Driver/stm32h7xx_hal_eth.o
                0x080199b0                HAL_ETH_SetMDIOClockRange
 .text.ETH_SetMACConfig
                0x08019a50      0x238 ./Drivers/STM32H7xx_HAL_Driver/stm32h7xx_hal_eth.o
 .text.ETH_SetDMAConfig
                0x08019c88      0x10c ./Drivers/STM32H7xx_HAL_Driver/stm32h7xx_hal_eth.o
 .text.ETH_MACDMAConfig
                0x08019d94      0x13a ./Drivers/STM32H7xx_HAL_Driver/stm32h7xx_hal_eth.o
 .text.ETH_DMATxDescListInit
                0x08019ece       0x92 ./Drivers/STM32H7xx_HAL_Driver/stm32h7xx_hal_eth.o
 .text.ETH_DMARxDescListInit
                0x08019f60       0xba ./Drivers/STM32H7xx_HAL_Driver/stm32h7xx_hal_eth.o
 *fill*         0x0801a01a        0x2 
 .text.HAL_FLASH_Program
                0x0801a01c      0x124 ./Drivers/STM32H7xx_HAL_Driver/stm32h7xx_hal_flash.o
                0x0801a01c                HAL_FLASH_Program
 .text.HAL_FLASH_Unlock
                0x0801a140       0x74 ./Drivers/STM32H7xx_HAL_Driver/stm32h7xx_hal_flash.o
                0x0801a140                HAL_FLASH_Unlock
 .text.HAL_FLASH_Lock
                0x0801a1b4       0x54 ./Drivers/STM32H7xx_HAL_Driver/stm32h7xx_hal_flash.o
                0x0801a1b4                HAL_FLASH_Lock
 .text.FLASH_WaitForLastOperation
                0x0801a208      0x138 ./Drivers/STM32H7xx_HAL_Driver/stm32h7xx_hal_flash.o
                0x0801a208                FLASH_WaitForLastOperation
 .text.HAL_FLASHEx_Erase
                0x0801a340      0x194 ./Drivers/STM32H7xx_HAL_Driver/stm32h7xx_hal_flash_ex.o
                0x0801a340                HAL_FLASHEx_Erase
 .text.FLASH_MassErase
                0x0801a4d4       0xd4 ./Drivers/STM32H7xx_HAL_Driver/stm32h7xx_hal_flash_ex.o
 .text.FLASH_Erase_Sector
                0x0801a5a8       0x7c ./Drivers/STM32H7xx_HAL_Driver/stm32h7xx_hal_flash_ex.o
                0x0801a5a8                FLASH_Erase_Sector
 .text.HAL_GPIO_Init
                0x0801a624      0x360 ./Drivers/STM32H7xx_HAL_Driver/stm32h7xx_hal_gpio.o
                0x0801a624                HAL_GPIO_Init
 .text.HAL_GPIO_WritePin
                0x0801a984       0x32 ./Drivers/STM32H7xx_HAL_Driver/stm32h7xx_hal_gpio.o
                0x0801a984                HAL_GPIO_WritePin
 *fill*         0x0801a9b6        0x2 
 .text.HAL_PWREx_ConfigSupply
                0x0801a9b8       0xb4 ./Drivers/STM32H7xx_HAL_Driver/stm32h7xx_hal_pwr_ex.o
                0x0801a9b8                HAL_PWREx_ConfigSupply
 .text.HAL_RCC_OscConfig
                0x0801aa6c      0x8b4 ./Drivers/STM32H7xx_HAL_Driver/stm32h7xx_hal_rcc.o
                0x0801aa6c                HAL_RCC_OscConfig
 .text.HAL_RCC_ClockConfig
                0x0801b320      0x36c ./Drivers/STM32H7xx_HAL_Driver/stm32h7xx_hal_rcc.o
                0x0801b320                HAL_RCC_ClockConfig
 .text.HAL_RCC_GetSysClockFreq
                0x0801b68c      0x2f4 ./Drivers/STM32H7xx_HAL_Driver/stm32h7xx_hal_rcc.o
                0x0801b68c                HAL_RCC_GetSysClockFreq
 .text.HAL_RCC_GetHCLKFreq
                0x0801b980       0x60 ./Drivers/STM32H7xx_HAL_Driver/stm32h7xx_hal_rcc.o
                0x0801b980                HAL_RCC_GetHCLKFreq
 .text.HAL_RCC_GetPCLK1Freq
                0x0801b9e0       0x2c ./Drivers/STM32H7xx_HAL_Driver/stm32h7xx_hal_rcc.o
                0x0801b9e0                HAL_RCC_GetPCLK1Freq
 .text.HAL_RCC_GetPCLK2Freq
                0x0801ba0c       0x2c ./Drivers/STM32H7xx_HAL_Driver/stm32h7xx_hal_rcc.o
                0x0801ba0c                HAL_RCC_GetPCLK2Freq
 .text.HAL_RCC_GetClockConfig
                0x0801ba38       0x84 ./Drivers/STM32H7xx_HAL_Driver/stm32h7xx_hal_rcc.o
                0x0801ba38                HAL_RCC_GetClockConfig
 .text.HAL_RCCEx_PeriphCLKConfig
                0x0801babc     0x1414 ./Drivers/STM32H7xx_HAL_Driver/stm32h7xx_hal_rcc_ex.o
                0x0801babc                HAL_RCCEx_PeriphCLKConfig
 .text.HAL_RCCEx_GetD3PCLK1Freq
                0x0801ced0       0x2c ./Drivers/STM32H7xx_HAL_Driver/stm32h7xx_hal_rcc_ex.o
                0x0801ced0                HAL_RCCEx_GetD3PCLK1Freq
 .text.HAL_RCCEx_GetPLL2ClockFreq
                0x0801cefc      0x2a8 ./Drivers/STM32H7xx_HAL_Driver/stm32h7xx_hal_rcc_ex.o
                0x0801cefc                HAL_RCCEx_GetPLL2ClockFreq
 .text.HAL_RCCEx_GetPLL3ClockFreq
                0x0801d1a4      0x2a8 ./Drivers/STM32H7xx_HAL_Driver/stm32h7xx_hal_rcc_ex.o
                0x0801d1a4                HAL_RCCEx_GetPLL3ClockFreq
 .text.RCCEx_PLL2_Config
                0x0801d44c      0x164 ./Drivers/STM32H7xx_HAL_Driver/stm32h7xx_hal_rcc_ex.o
 .text.RCCEx_PLL3_Config
                0x0801d5b0      0x164 ./Drivers/STM32H7xx_HAL_Driver/stm32h7xx_hal_rcc_ex.o
 .text.HAL_RNG_Init
                0x0801d714       0xc4 ./Drivers/STM32H7xx_HAL_Driver/stm32h7xx_hal_rng.o
                0x0801d714                HAL_RNG_Init
 .text.HAL_RNG_GenerateRandomNumber
                0x0801d7d8       0xac ./Drivers/STM32H7xx_HAL_Driver/stm32h7xx_hal_rng.o
                0x0801d7d8                HAL_RNG_GenerateRandomNumber
 .text.HAL_TIM_Base_Init
                0x0801d884       0xae ./Drivers/STM32H7xx_HAL_Driver/stm32h7xx_hal_tim.o
                0x0801d884                HAL_TIM_Base_Init
 .text.HAL_TIM_Base_MspInit
                0x0801d932       0x14 ./Drivers/STM32H7xx_HAL_Driver/stm32h7xx_hal_tim.o
                0x0801d932                HAL_TIM_Base_MspInit
 *fill*         0x0801d946        0x2 
 .text.HAL_TIM_Base_Start_IT
                0x0801d948       0xf0 ./Drivers/STM32H7xx_HAL_Driver/stm32h7xx_hal_tim.o
                0x0801d948                HAL_TIM_Base_Start_IT
 .text.HAL_TIM_IRQHandler
                0x0801da38      0x20e ./Drivers/STM32H7xx_HAL_Driver/stm32h7xx_hal_tim.o
                0x0801da38                HAL_TIM_IRQHandler
 .text.HAL_TIM_OC_DelayElapsedCallback
                0x0801dc46       0x14 ./Drivers/STM32H7xx_HAL_Driver/stm32h7xx_hal_tim.o
                0x0801dc46                HAL_TIM_OC_DelayElapsedCallback
 .text.HAL_TIM_IC_CaptureCallback
                0x0801dc5a       0x14 ./Drivers/STM32H7xx_HAL_Driver/stm32h7xx_hal_tim.o
                0x0801dc5a                HAL_TIM_IC_CaptureCallback
 .text.HAL_TIM_PWM_PulseFinishedCallback
                0x0801dc6e       0x14 ./Drivers/STM32H7xx_HAL_Driver/stm32h7xx_hal_tim.o
                0x0801dc6e                HAL_TIM_PWM_PulseFinishedCallback
 .text.HAL_TIM_TriggerCallback
                0x0801dc82       0x14 ./Drivers/STM32H7xx_HAL_Driver/stm32h7xx_hal_tim.o
                0x0801dc82                HAL_TIM_TriggerCallback
 *fill*         0x0801dc96        0x2 
 .text.TIM_Base_SetConfig
                0x0801dc98      0x140 ./Drivers/STM32H7xx_HAL_Driver/stm32h7xx_hal_tim.o
                0x0801dc98                TIM_Base_SetConfig
 .text.HAL_TIMEx_CommutCallback
                0x0801ddd8       0x14 ./Drivers/STM32H7xx_HAL_Driver/stm32h7xx_hal_tim_ex.o
                0x0801ddd8                HAL_TIMEx_CommutCallback
 .text.HAL_TIMEx_BreakCallback
                0x0801ddec       0x14 ./Drivers/STM32H7xx_HAL_Driver/stm32h7xx_hal_tim_ex.o
                0x0801ddec                HAL_TIMEx_BreakCallback
 .text.HAL_TIMEx_Break2Callback
                0x0801de00       0x14 ./Drivers/STM32H7xx_HAL_Driver/stm32h7xx_hal_tim_ex.o
                0x0801de00                HAL_TIMEx_Break2Callback
 .text.HAL_UART_Init
                0x0801de14       0xa0 ./Drivers/STM32H7xx_HAL_Driver/stm32h7xx_hal_uart.o
                0x0801de14                HAL_UART_Init
 .text.HAL_UART_Transmit
                0x0801deb4      0x11c ./Drivers/STM32H7xx_HAL_Driver/stm32h7xx_hal_uart.o
                0x0801deb4                HAL_UART_Transmit
 .text.UART_SetConfig
                0x0801dfd0      0xad0 ./Drivers/STM32H7xx_HAL_Driver/stm32h7xx_hal_uart.o
                0x0801dfd0                UART_SetConfig
 .text.UART_AdvFeatureConfig
                0x0801eaa0      0x144 ./Drivers/STM32H7xx_HAL_Driver/stm32h7xx_hal_uart.o
                0x0801eaa0                UART_AdvFeatureConfig
 .text.UART_CheckIdleState
                0x0801ebe4      0x154 ./Drivers/STM32H7xx_HAL_Driver/stm32h7xx_hal_uart.o
                0x0801ebe4                UART_CheckIdleState
 .text.UART_WaitOnFlagUntilTimeout
                0x0801ed38       0xda ./Drivers/STM32H7xx_HAL_Driver/stm32h7xx_hal_uart.o
                0x0801ed38                UART_WaitOnFlagUntilTimeout
 *fill*         0x0801ee12        0x2 
 .text.UART_EndRxTransfer
                0x0801ee14       0xcc ./Drivers/STM32H7xx_HAL_Driver/stm32h7xx_hal_uart.o
 .text.HAL_UARTEx_DisableFifoMode
                0x0801eee0       0x72 ./Drivers/STM32H7xx_HAL_Driver/stm32h7xx_hal_uart_ex.o
                0x0801eee0                HAL_UARTEx_DisableFifoMode
 .text.HAL_UARTEx_SetTxFifoThreshold
                0x0801ef52       0x7c ./Drivers/STM32H7xx_HAL_Driver/stm32h7xx_hal_uart_ex.o
                0x0801ef52                HAL_UARTEx_SetTxFifoThreshold
 .text.HAL_UARTEx_SetRxFifoThreshold
                0x0801efce       0x7c ./Drivers/STM32H7xx_HAL_Driver/stm32h7xx_hal_uart_ex.o
                0x0801efce                HAL_UARTEx_SetRxFifoThreshold
 *fill*         0x0801f04a        0x2 
 .text.UARTEx_SetNbDataToProcess
                0x0801f04c       0x9c ./Drivers/STM32H7xx_HAL_Driver/stm32h7xx_hal_uart_ex.o
 .text.__NVIC_SetPriority
                0x0801f0e8       0x54 ./Middlewares/Third_Party/FreeRTOS/cmsis_os2.o
 .text.SysTick_Handler
                0x0801f13c       0x20 ./Middlewares/Third_Party/FreeRTOS/cmsis_os2.o
                0x0801f13c                SysTick_Handler
 .text.SVC_Setup
                0x0801f15c       0x12 ./Middlewares/Third_Party/FreeRTOS/cmsis_os2.o
 *fill*         0x0801f16e        0x2 
 .text.osKernelInitialize
                0x0801f170       0x48 ./Middlewares/Third_Party/FreeRTOS/cmsis_os2.o
                0x0801f170                osKernelInitialize
 .text.osKernelStart
                0x0801f1b8       0x4c ./Middlewares/Third_Party/FreeRTOS/cmsis_os2.o
                0x0801f1b8                osKernelStart
 .text.osThreadNew
                0x0801f204      0x124 ./Middlewares/Third_Party/FreeRTOS/cmsis_os2.o
                0x0801f204                osThreadNew
 .text.osDelay  0x0801f328       0x36 ./Middlewares/Third_Party/FreeRTOS/cmsis_os2.o
                0x0801f328                osDelay
 *fill*         0x0801f35e        0x2 
 .text.vApplicationGetIdleTaskMemory
                0x0801f360       0x34 ./Middlewares/Third_Party/FreeRTOS/cmsis_os2.o
                0x0801f360                vApplicationGetIdleTaskMemory
 .text.vApplicationGetTimerTaskMemory
                0x0801f394       0x34 ./Middlewares/Third_Party/FreeRTOS/cmsis_os2.o
                0x0801f394                vApplicationGetTimerTaskMemory
 .text.pvPortMalloc
                0x0801f3c8      0x19c ./Middlewares/Third_Party/FreeRTOS/heap_4.o
                0x0801f3c8                pvPortMalloc
 .text.vPortFree
                0x0801f564       0xc8 ./Middlewares/Third_Party/FreeRTOS/heap_4.o
                0x0801f564                vPortFree
 .text.prvHeapInit
                0x0801f62c       0xc4 ./Middlewares/Third_Party/FreeRTOS/heap_4.o
 .text.prvInsertBlockIntoFreeList
                0x0801f6f0       0xb4 ./Middlewares/Third_Party/FreeRTOS/heap_4.o
 .text.vListInitialise
                0x0801f7a4       0x40 ./Middlewares/Third_Party/FreeRTOS/list.o
                0x0801f7a4                vListInitialise
 .text.vListInitialiseItem
                0x0801f7e4       0x1a ./Middlewares/Third_Party/FreeRTOS/list.o
                0x0801f7e4                vListInitialiseItem
 .text.vListInsertEnd
                0x0801f7fe       0x48 ./Middlewares/Third_Party/FreeRTOS/list.o
                0x0801f7fe                vListInsertEnd
 .text.vListInsert
                0x0801f846       0x72 ./Middlewares/Third_Party/FreeRTOS/list.o
                0x0801f846                vListInsert
 .text.uxListRemove
                0x0801f8b8       0x54 ./Middlewares/Third_Party/FreeRTOS/list.o
                0x0801f8b8                uxListRemove
 .text.pxPortInitialiseStack
                0x0801f90c       0x68 ./Middlewares/Third_Party/FreeRTOS/port.o
                0x0801f90c                pxPortInitialiseStack
 .text.prvTaskExitError
                0x0801f974       0x5c ./Middlewares/Third_Party/FreeRTOS/port.o
 .text.SVC_Handler
                0x0801f9d0       0x28 ./Middlewares/Third_Party/FreeRTOS/port.o
                0x0801f9d0                SVC_Handler
 .text.prvPortStartFirstTask
                0x0801f9f8       0x28 ./Middlewares/Third_Party/FreeRTOS/port.o
 .text.xPortStartScheduler
                0x0801fa20      0x148 ./Middlewares/Third_Party/FreeRTOS/port.o
                0x0801fa20                xPortStartScheduler
 .text.vPortEnterCritical
                0x0801fb68       0x64 ./Middlewares/Third_Party/FreeRTOS/port.o
                0x0801fb68                vPortEnterCritical
 .text.vPortExitCritical
                0x0801fbcc       0x54 ./Middlewares/Third_Party/FreeRTOS/port.o
                0x0801fbcc                vPortExitCritical
 .text.PendSV_Handler
                0x0801fc20       0x68 ./Middlewares/Third_Party/FreeRTOS/port.o
                0x0801fc20                PendSV_Handler
 .text.xPortSysTickHandler
                0x0801fc88       0x44 ./Middlewares/Third_Party/FreeRTOS/port.o
                0x0801fc88                xPortSysTickHandler
 .text.vPortSetupTimerInterrupt
                0x0801fccc       0x48 ./Middlewares/Third_Party/FreeRTOS/port.o
                0x0801fccc                vPortSetupTimerInterrupt
 .text.vPortEnableVFP
                0x0801fd14       0x14 ./Middlewares/Third_Party/FreeRTOS/port.o
 .text.vPortValidateInterruptPriority
                0x0801fd28       0x84 ./Middlewares/Third_Party/FreeRTOS/port.o
                0x0801fd28                vPortValidateInterruptPriority
 .text.xQueueGenericReset
                0x0801fdac       0xd4 ./Middlewares/Third_Party/FreeRTOS/queue.o
                0x0801fdac                xQueueGenericReset
 .text.xQueueGenericCreateStatic
                0x0801fe80       0xfa ./Middlewares/Third_Party/FreeRTOS/queue.o
                0x0801fe80                xQueueGenericCreateStatic
 .text.prvInitialiseNewQueue
                0x0801ff7a       0x46 ./Middlewares/Third_Party/FreeRTOS/queue.o
 .text.xQueueGenericSend
                0x0801ffc0      0x204 ./Middlewares/Third_Party/FreeRTOS/queue.o
                0x0801ffc0                xQueueGenericSend
 .text.xQueueGenericSendFromISR
                0x080201c4      0x13c ./Middlewares/Third_Party/FreeRTOS/queue.o
                0x080201c4                xQueueGenericSendFromISR
 .text.xQueueReceive
                0x08020300      0x1c4 ./Middlewares/Third_Party/FreeRTOS/queue.o
                0x08020300                xQueueReceive
 .text.prvCopyDataToQueue
                0x080204c4       0xd4 ./Middlewares/Third_Party/FreeRTOS/queue.o
 .text.prvCopyDataFromQueue
                0x08020598       0x4c ./Middlewares/Third_Party/FreeRTOS/queue.o
 .text.prvUnlockQueue
                0x080205e4       0xa4 ./Middlewares/Third_Party/FreeRTOS/queue.o
 .text.prvIsQueueEmpty
                0x08020688       0x2c ./Middlewares/Third_Party/FreeRTOS/queue.o
 .text.prvIsQueueFull
                0x080206b4       0x30 ./Middlewares/Third_Party/FreeRTOS/queue.o
 .text.vQueueAddToRegistry
                0x080206e4       0x54 ./Middlewares/Third_Party/FreeRTOS/queue.o
                0x080206e4                vQueueAddToRegistry
 .text.vQueueWaitForMessageRestricted
                0x08020738       0x68 ./Middlewares/Third_Party/FreeRTOS/queue.o
                0x08020738                vQueueWaitForMessageRestricted
 .text.xTaskCreateStatic
                0x080207a0       0xc0 ./Middlewares/Third_Party/FreeRTOS/tasks.o
                0x080207a0                xTaskCreateStatic
 .text.xTaskCreate
                0x08020860       0x8a ./Middlewares/Third_Party/FreeRTOS/tasks.o
                0x08020860                xTaskCreate
 *fill*         0x080208ea        0x2 
 .text.prvInitialiseNewTask
                0x080208ec      0x150 ./Middlewares/Third_Party/FreeRTOS/tasks.o
 .text.prvAddNewTaskToReadyList
                0x08020a3c       0xe0 ./Middlewares/Third_Party/FreeRTOS/tasks.o
 .text.vTaskDelay
                0x08020b1c       0x6c ./Middlewares/Third_Party/FreeRTOS/tasks.o
                0x08020b1c                vTaskDelay
 .text.vTaskStartScheduler
                0x08020b88       0xe0 ./Middlewares/Third_Party/FreeRTOS/tasks.o
                0x08020b88                vTaskStartScheduler
 .text.vTaskSuspendAll
                0x08020c68       0x1c ./Middlewares/Third_Party/FreeRTOS/tasks.o
                0x08020c68                vTaskSuspendAll
 .text.xTaskResumeAll
                0x08020c84      0x13c ./Middlewares/Third_Party/FreeRTOS/tasks.o
                0x08020c84                xTaskResumeAll
 .text.xTaskGetTickCount
                0x08020dc0       0x20 ./Middlewares/Third_Party/FreeRTOS/tasks.o
                0x08020dc0                xTaskGetTickCount
 .text.xTaskIncrementTick
                0x08020de0      0x174 ./Middlewares/Third_Party/FreeRTOS/tasks.o
                0x08020de0                xTaskIncrementTick
 .text.vTaskSwitchContext
                0x08020f54       0xcc ./Middlewares/Third_Party/FreeRTOS/tasks.o
                0x08020f54                vTaskSwitchContext
 .text.vTaskPlaceOnEventList
                0x08021020       0x4c ./Middlewares/Third_Party/FreeRTOS/tasks.o
                0x08021020                vTaskPlaceOnEventList
 .text.vTaskPlaceOnEventListRestricted
                0x0802106c       0x58 ./Middlewares/Third_Party/FreeRTOS/tasks.o
                0x0802106c                vTaskPlaceOnEventListRestricted
 .text.xTaskRemoveFromEventList
                0x080210c4       0xc8 ./Middlewares/Third_Party/FreeRTOS/tasks.o
                0x080210c4                xTaskRemoveFromEventList
 .text.vTaskInternalSetTimeOutState
                0x0802118c       0x2c ./Middlewares/Third_Party/FreeRTOS/tasks.o
                0x0802118c                vTaskInternalSetTimeOutState
 .text.xTaskCheckForTimeOut
                0x080211b8       0xc8 ./Middlewares/Third_Party/FreeRTOS/tasks.o
                0x080211b8                xTaskCheckForTimeOut
 .text.vTaskMissedYield
                0x08021280       0x18 ./Middlewares/Third_Party/FreeRTOS/tasks.o
                0x08021280                vTaskMissedYield
 .text.prvIdleTask
                0x08021298       0x30 ./Middlewares/Third_Party/FreeRTOS/tasks.o
 .text.prvInitialiseTaskLists
                0x080212c8       0x80 ./Middlewares/Third_Party/FreeRTOS/tasks.o
 .text.prvCheckTasksWaitingTermination
                0x08021348       0x5c ./Middlewares/Third_Party/FreeRTOS/tasks.o
 .text.prvDeleteTCB
                0x080213a4       0x6a ./Middlewares/Third_Party/FreeRTOS/tasks.o
 *fill*         0x0802140e        0x2 
 .text.prvResetNextTaskUnblockTime
                0x08021410       0x40 ./Middlewares/Third_Party/FreeRTOS/tasks.o
 .text.xTaskGetSchedulerState
                0x08021450       0x3c ./Middlewares/Third_Party/FreeRTOS/tasks.o
                0x08021450                xTaskGetSchedulerState
 .text.xTaskPriorityDisinherit
                0x0802148c       0xe0 ./Middlewares/Third_Party/FreeRTOS/tasks.o
                0x0802148c                xTaskPriorityDisinherit
 .text.prvAddCurrentTaskToDelayedList
                0x0802156c       0xa8 ./Middlewares/Third_Party/FreeRTOS/tasks.o
 .text.xTimerCreateTimerTask
                0x08021614       0x94 ./Middlewares/Third_Party/FreeRTOS/timers.o
                0x08021614                xTimerCreateTimerTask
 .text.xTimerGenericCommand
                0x080216a8       0x9c ./Middlewares/Third_Party/FreeRTOS/timers.o
                0x080216a8                xTimerGenericCommand
 .text.prvProcessExpiredTimer
                0x08021744       0x9c ./Middlewares/Third_Party/FreeRTOS/timers.o
 .text.prvTimerTask
                0x080217e0       0x26 ./Middlewares/Third_Party/FreeRTOS/timers.o
 *fill*         0x08021806        0x2 
 .text.prvProcessTimerOrBlockTask
                0x08021808       0x9c ./Middlewares/Third_Party/FreeRTOS/timers.o
 .text.prvGetNextExpireTime
                0x080218a4       0x48 ./Middlewares/Third_Party/FreeRTOS/timers.o
 .text.prvSampleTimeNow
                0x080218ec       0x40 ./Middlewares/Third_Party/FreeRTOS/timers.o
 .text.prvInsertTimerInActiveList
                0x0802192c       0x84 ./Middlewares/Third_Party/FreeRTOS/timers.o
 .text.prvProcessReceivedCommands
                0x080219b0      0x1cc ./Middlewares/Third_Party/FreeRTOS/timers.o
 .text.prvSwitchTimerLists
                0x08021b7c       0xcc ./Middlewares/Third_Party/FreeRTOS/timers.o
 .text.prvCheckForValidListAndQueue
                0x08021c48       0x80 ./Middlewares/Third_Party/FreeRTOS/timers.o
 .text.__assert_func
                0x08021cc8       0x3c C:/ST/STM32CubeIDE_1.13.1/STM32CubeIDE/plugins/com.st.stm32cube.ide.mcu.externaltools.gnu-tools-for-stm32.12.3.rel1.win32_1.1.0.202410251130/tools/bin/../lib/gcc/arm-none-eabi/12.3.1/../../../../arm-none-eabi/lib/thumb/v7e-m+dp/hard\libc_nano.a(libc_a-assert.o)
                0x08021cc8                __assert_func
 .text.atoi     0x08021d04        0x8 C:/ST/STM32CubeIDE_1.13.1/STM32CubeIDE/plugins/com.st.stm32cube.ide.mcu.externaltools.gnu-tools-for-stm32.12.3.rel1.win32_1.1.0.202410251130/tools/bin/../lib/gcc/arm-none-eabi/12.3.1/../../../../arm-none-eabi/lib/thumb/v7e-m+dp/hard\libc_nano.a(libc_a-atoi.o)
                0x08021d04                atoi
 .text.calloc   0x08021d0c       0x10 C:/ST/STM32CubeIDE_1.13.1/STM32CubeIDE/plugins/com.st.stm32cube.ide.mcu.externaltools.gnu-tools-for-stm32.12.3.rel1.win32_1.1.0.202410251130/tools/bin/../lib/gcc/arm-none-eabi/12.3.1/../../../../arm-none-eabi/lib/thumb/v7e-m+dp/hard\libc_nano.a(libc_a-calloc.o)
                0x08021d0c                calloc
 .text._calloc_r
                0x08021d1c       0x28 C:/ST/STM32CubeIDE_1.13.1/STM32CubeIDE/plugins/com.st.stm32cube.ide.mcu.externaltools.gnu-tools-for-stm32.12.3.rel1.win32_1.1.0.202410251130/tools/bin/../lib/gcc/arm-none-eabi/12.3.1/../../../../arm-none-eabi/lib/thumb/v7e-m+dp/hard\libc_nano.a(libc_a-callocr.o)
                0x08021d1c                _calloc_r
 .text.malloc   0x08021d44       0x10 C:/ST/STM32CubeIDE_1.13.1/STM32CubeIDE/plugins/com.st.stm32cube.ide.mcu.externaltools.gnu-tools-for-stm32.12.3.rel1.win32_1.1.0.202410251130/tools/bin/../lib/gcc/arm-none-eabi/12.3.1/../../../../arm-none-eabi/lib/thumb/v7e-m+dp/hard\libc_nano.a(libc_a-malloc.o)
                0x08021d44                malloc
 .text.free     0x08021d54       0x10 C:/ST/STM32CubeIDE_1.13.1/STM32CubeIDE/plugins/com.st.stm32cube.ide.mcu.externaltools.gnu-tools-for-stm32.12.3.rel1.win32_1.1.0.202410251130/tools/bin/../lib/gcc/arm-none-eabi/12.3.1/../../../../arm-none-eabi/lib/thumb/v7e-m+dp/hard\libc_nano.a(libc_a-malloc.o)
                0x08021d54                free
 .text.sbrk_aligned
                0x08021d64       0x44 C:/ST/STM32CubeIDE_1.13.1/STM32CubeIDE/plugins/com.st.stm32cube.ide.mcu.externaltools.gnu-tools-for-stm32.12.3.rel1.win32_1.1.0.202410251130/tools/bin/../lib/gcc/arm-none-eabi/12.3.1/../../../../arm-none-eabi/lib/thumb/v7e-m+dp/hard\libc_nano.a(libc_a-mallocr.o)
 .text._malloc_r